Startpoint: en_cpu (input port clocked by clk)
Endpoint: _53041_ (rising edge-triggered flip-flop clocked by clk)
Path Group: clk
Path Type: min

Fanout     Cap    Slew   Delay    Time   Description
-----------------------------------------------------------------------------
                          0.00    0.00   clock clk (rise edge)
                          0.00    0.00   clock network delay (propagated)
                          0.00    0.00 ^ input external delay
     1    0.00    0.00    0.00    0.00 ^ en_cpu (in)
                  0.00    0.00    0.00 ^ hold5416/A (sky130_fd_sc_hdll__dlygate4sd3_1)
     1    0.00    0.17    0.97    0.97 ^ hold5416/X (sky130_fd_sc_hdll__dlygate4sd3_1)
                  0.17    0.00    0.97 ^ input5393/A (sky130_fd_sc_hdll__clkbuf_6)
     1    0.05    0.25    0.33    1.31 ^ input5393/X (sky130_fd_sc_hdll__clkbuf_6)
                  0.25    0.00    1.31 ^ wire5414/A (sky130_fd_sc_hdll__buf_16)
    12    0.12    0.31    0.36    1.67 ^ wire5414/X (sky130_fd_sc_hdll__buf_16)
                  0.31    0.00    1.67 ^ _38115_/A (sky130_fd_sc_hdll__clkinv_12)
    18    0.16    0.30    0.30    1.97 v _38115_/Y (sky130_fd_sc_hdll__clkinv_12)
                  0.30    0.00    1.97 v _51085_/A (sky130_fd_sc_hdll__nand2_6)
     1    0.00    0.11    0.17    2.14 ^ _51085_/Y (sky130_fd_sc_hdll__nand2_6)
                  0.11    0.00    2.14 ^ _51086_/B (sky130_fd_sc_hdll__nand2_1)
     1    0.00    0.08    0.10    2.23 v _51086_/Y (sky130_fd_sc_hdll__nand2_1)
                  0.08    0.00    2.23 v _53041_/D (sky130_fd_sc_hdll__dfrtp_2)
                                  2.23   data arrival time

                          0.00    0.00   clock clk (rise edge)
                          0.00    0.00   clock source latency
     3    0.08    0.00    0.00    0.00 ^ clk (in)
                  0.01    0.00    0.00 ^ clkbuf_regs_0_clk/A (sky130_fd_sc_hdll__clkbuf_16)
     1    0.01    0.08    0.20    0.20 ^ clkbuf_regs_0_clk/X (sky130_fd_sc_hdll__clkbuf_16)
                  0.08    0.00    0.20 ^ clkbuf_0_clk_regs/A (sky130_fd_sc_hdll__clkbuf_16)
     4    0.10    0.28    0.36    0.56 ^ clkbuf_0_clk_regs/X (sky130_fd_sc_hdll__clkbuf_16)
                  0.28    0.00    0.56 ^ clkbuf_2_3_0_clk_regs/A (sky130_fd_sc_hdll__clkbuf_16)
    16    0.21    0.51    0.56    1.13 ^ clkbuf_2_3_0_clk_regs/X (sky130_fd_sc_hdll__clkbuf_16)
                  0.51    0.00    1.13 ^ clkbuf_6_54_0_clk_regs/A (sky130_fd_sc_hdll__clkbuf_16)
     8    0.07    0.21    0.47    1.60 ^ clkbuf_6_54_0_clk_regs/X (sky130_fd_sc_hdll__clkbuf_16)
                  0.21    0.00    1.60 ^ clkbuf_9_438__f_clk_regs/A (sky130_fd_sc_hdll__clkbuf_16)
     7    0.02    0.10    0.29    1.89 ^ clkbuf_9_438__f_clk_regs/X (sky130_fd_sc_hdll__clkbuf_16)
                  0.10    0.00    1.89 ^ _53041_/CLK (sky130_fd_sc_hdll__dfrtp_2)
                          0.05    1.94   clock uncertainty
                          0.00    1.94   clock reconvergence pessimism
                         -0.09    1.85   library hold time
                                  1.85   data required time
-----------------------------------------------------------------------------
                                  1.85   data required time
                                 -2.23   data arrival time
-----------------------------------------------------------------------------
                                  0.39   slack (MET)


