Startpoint: _53056_ (rising edge-triggered flip-flop clocked by clk)
Endpoint: _53041_ (rising edge-triggered flip-flop clocked by clk)
Path Group: clk
Path Type: max

Fanout     Cap    Slew   Delay    Time   Description
-----------------------------------------------------------------------------
                          0.00    0.00   clock clk (rise edge)
                          0.00    0.00   clock source latency
     3    0.08    0.00    0.00    0.00 ^ clk (in)
                  0.01    0.00    0.00 ^ clkbuf_regs_0_clk/A (sky130_fd_sc_hdll__clkbuf_16)
     1    0.01    0.08    0.20    0.20 ^ clkbuf_regs_0_clk/X (sky130_fd_sc_hdll__clkbuf_16)
                  0.08    0.00    0.20 ^ clkbuf_0_clk_regs/A (sky130_fd_sc_hdll__clkbuf_16)
     4    0.10    0.28    0.36    0.56 ^ clkbuf_0_clk_regs/X (sky130_fd_sc_hdll__clkbuf_16)
                  0.28    0.00    0.56 ^ clkbuf_2_3_0_clk_regs/A (sky130_fd_sc_hdll__clkbuf_16)
    16    0.21    0.51    0.56    1.13 ^ clkbuf_2_3_0_clk_regs/X (sky130_fd_sc_hdll__clkbuf_16)
                  0.51    0.00    1.13 ^ clkbuf_6_52_0_clk_regs/A (sky130_fd_sc_hdll__clkbuf_16)
     8    0.07    0.21    0.46    1.59 ^ clkbuf_6_52_0_clk_regs/X (sky130_fd_sc_hdll__clkbuf_16)
                  0.21    0.00    1.59 ^ clkbuf_9_418__f_clk_regs/A (sky130_fd_sc_hdll__clkbuf_16)
     5    0.03    0.11    0.30    1.89 ^ clkbuf_9_418__f_clk_regs/X (sky130_fd_sc_hdll__clkbuf_16)
                  0.11    0.00    1.89 ^ _53056_/CLK (sky130_fd_sc_hdll__dfrtp_1)
     7    0.03    0.71    1.07    2.97 ^ _53056_/Q (sky130_fd_sc_hdll__dfrtp_1)
                  0.71    0.00    2.97 ^ place5201/A (sky130_fd_sc_hdll__buf_6)
    17    0.09    0.46    0.59    3.56 ^ place5201/X (sky130_fd_sc_hdll__buf_6)
                  0.46    0.00    3.56 ^ place5200/A (sky130_fd_sc_hdll__clkbuf_4)
     4    0.05    0.36    0.54    4.10 ^ place5200/X (sky130_fd_sc_hdll__clkbuf_4)
                  0.36    0.00    4.10 ^ _26360_/B (sky130_fd_sc_hdll__nand2_1)
     1    0.00    0.13    0.19    4.29 v _26360_/Y (sky130_fd_sc_hdll__nand2_1)
                  0.13    0.00    4.29 v _26361_/C1 (sky130_fd_sc_hdll__o211ai_1)
     1    0.00    0.38    0.15    4.45 ^ _26361_/Y (sky130_fd_sc_hdll__o211ai_1)
                  0.38    0.00    4.45 ^ _26362_/B1 (sky130_fd_sc_hdll__o21ai_1)
     1    0.00    0.19    0.24    4.68 v _26362_/Y (sky130_fd_sc_hdll__o21ai_1)
                  0.19    0.00    4.68 v place4442/A (sky130_fd_sc_hdll__buf_6)
     2    0.01    0.07    0.30    4.98 v place4442/X (sky130_fd_sc_hdll__buf_6)
                  0.07    0.00    4.98 v _35164_/A (sky130_fd_sc_hdll__nor2_2)
     2    0.01    0.25    0.23    5.21 ^ _35164_/Y (sky130_fd_sc_hdll__nor2_2)
                  0.25    0.00    5.21 ^ place3716/A (sky130_fd_sc_hdll__buf_2)
     1    0.00    0.08    0.25    5.46 ^ place3716/X (sky130_fd_sc_hdll__buf_2)
                  0.08    0.00    5.46 ^ _35915_/A (sky130_fd_sc_hdll__nand2_1)
     1    0.00    0.15    0.10    5.55 v _35915_/Y (sky130_fd_sc_hdll__nand2_1)
                  0.15    0.00    5.55 v _35916_/B1 (sky130_fd_sc_hdll__o21ai_1)
     1    0.00    0.35    0.20    5.76 ^ _35916_/Y (sky130_fd_sc_hdll__o21ai_1)
                  0.35    0.00    5.76 ^ _35917_/A (sky130_fd_sc_hdll__inv_1)
     3    0.01    0.14    0.19    5.95 v _35917_/Y (sky130_fd_sc_hdll__inv_1)
                  0.14    0.00    5.95 v place3494/A (sky130_fd_sc_hdll__buf_1)
     3    0.01    0.13    0.24    6.18 v place3494/X (sky130_fd_sc_hdll__buf_1)
                  0.13    0.00    6.18 v _36115_/B2 (sky130_fd_sc_hdll__o22ai_1)
     1    0.00    0.53    0.30    6.48 ^ _36115_/Y (sky130_fd_sc_hdll__o22ai_1)
                  0.53    0.00    6.48 ^ _36116_/B (sky130_fd_sc_hdll__xnor2_1)
     2    0.01    0.61    0.44    6.92 ^ _36116_/Y (sky130_fd_sc_hdll__xnor2_1)
                  0.61    0.00    6.92 ^ _36122_/A (sky130_fd_sc_hdll__xor2_1)
     1    0.01    0.52    0.53    7.45 ^ _36122_/X (sky130_fd_sc_hdll__xor2_1)
                  0.52    0.00    7.45 ^ place3190/A (sky130_fd_sc_hdll__buf_4)
     2    0.01    0.13    0.38    7.83 ^ place3190/X (sky130_fd_sc_hdll__buf_4)
                  0.13    0.00    7.83 ^ _36123_/B (sky130_fd_sc_hdll__xor2_2)
     2    0.01    0.46    0.39    8.23 ^ _36123_/X (sky130_fd_sc_hdll__xor2_2)
                  0.46    0.00    8.23 ^ _36124_/B (sky130_fd_sc_hdll__xor2_2)
     2    0.01    0.37    0.42    8.65 ^ _36124_/X (sky130_fd_sc_hdll__xor2_2)
                  0.37    0.00    8.65 ^ _36125_/B (sky130_fd_sc_hdll__xnor2_1)
     2    0.01    0.60    0.39    9.04 ^ _36125_/Y (sky130_fd_sc_hdll__xnor2_1)
                  0.60    0.00    9.04 ^ _36127_/A (sky130_fd_sc_hdll__nand2_1)
     3    0.01    0.28    0.34    9.38 v _36127_/Y (sky130_fd_sc_hdll__nand2_1)
                  0.28    0.00    9.38 v place3017/A (sky130_fd_sc_hdll__buf_2)
     1    0.00    0.07    0.33    9.71 v place3017/X (sky130_fd_sc_hdll__buf_2)
                  0.07    0.00    9.71 v _36189_/B1 (sky130_fd_sc_hdll__o21ai_1)
     1    0.01    0.61    0.28    9.99 ^ _36189_/Y (sky130_fd_sc_hdll__o21ai_1)
                  0.61    0.00    9.99 ^ _36190_/B (sky130_fd_sc_hdll__xnor2_2)
     2    0.01    0.35    0.37   10.36 ^ _36190_/Y (sky130_fd_sc_hdll__xnor2_2)
                  0.35    0.00   10.36 ^ _36193_/B (sky130_fd_sc_hdll__nand3_1)
     2    0.01    0.30    0.31   10.68 v _36193_/Y (sky130_fd_sc_hdll__nand3_1)
                  0.30    0.00   10.68 v _50952_/B (sky130_fd_sc_hdll__nand3_2)
     2    0.01    0.15    0.22   10.90 ^ _50952_/Y (sky130_fd_sc_hdll__nand3_2)
                  0.15    0.00   10.90 ^ _51083_/A (sky130_fd_sc_hdll__nand2_1)
     1    0.00    0.10    0.11   11.02 v _51083_/Y (sky130_fd_sc_hdll__nand2_1)
                  0.10    0.00   11.02 v _51084_/A (sky130_fd_sc_hdll__nand2_1)
     1    0.00    0.12    0.11   11.12 ^ _51084_/Y (sky130_fd_sc_hdll__nand2_1)
                  0.12    0.00   11.12 ^ _51086_/A (sky130_fd_sc_hdll__nand2_1)
     1    0.00    0.08    0.10   11.22 v _51086_/Y (sky130_fd_sc_hdll__nand2_1)
                  0.08    0.00   11.22 v _53041_/D (sky130_fd_sc_hdll__dfrtp_2)
                                 11.22   data arrival time

                         10.00   10.00   clock clk (rise edge)
                          0.00   10.00   clock source latency
     3    0.08    0.00    0.00   10.00 ^ clk (in)
                  0.01    0.00   10.00 ^ clkbuf_regs_0_clk/A (sky130_fd_sc_hdll__clkbuf_16)
     1    0.01    0.08    0.19   10.19 ^ clkbuf_regs_0_clk/X (sky130_fd_sc_hdll__clkbuf_16)
                  0.08    0.00   10.19 ^ clkbuf_0_clk_regs/A (sky130_fd_sc_hdll__clkbuf_16)
     4    0.10    0.28    0.34   10.53 ^ clkbuf_0_clk_regs/X (sky130_fd_sc_hdll__clkbuf_16)
                  0.28    0.00   10.53 ^ clkbuf_2_3_0_clk_regs/A (sky130_fd_sc_hdll__clkbuf_16)
    16    0.21    0.51    0.53   11.06 ^ clkbuf_2_3_0_clk_regs/X (sky130_fd_sc_hdll__clkbuf_16)
                  0.51    0.00   11.06 ^ clkbuf_6_54_0_clk_regs/A (sky130_fd_sc_hdll__clkbuf_16)
     8    0.07    0.21    0.44   11.50 ^ clkbuf_6_54_0_clk_regs/X (sky130_fd_sc_hdll__clkbuf_16)
                  0.21    0.00   11.50 ^ clkbuf_9_438__f_clk_regs/A (sky130_fd_sc_hdll__clkbuf_16)
     7    0.02    0.10    0.27   11.78 ^ clkbuf_9_438__f_clk_regs/X (sky130_fd_sc_hdll__clkbuf_16)
                  0.10    0.00   11.78 ^ _53041_/CLK (sky130_fd_sc_hdll__dfrtp_2)
                         -0.30   11.48   clock uncertainty
                          0.07   11.54   clock reconvergence pessimism
                         -0.29   11.25   library setup time
                                 11.25   data required time
-----------------------------------------------------------------------------
                                 11.25   data required time
                                -11.22   data arrival time
-----------------------------------------------------------------------------
                                  0.03   slack (MET)


