Startpoint: resetn (input port clocked by clk)
Endpoint: _41922_ (recovery check against rising-edge clock clk)
Path Group: asynchronous
Path Type: max

Fanout     Cap    Slew   Delay    Time   Description
-----------------------------------------------------------------------------
                  0.00    0.00    0.00   clock clk (rise edge)
                          0.00    0.00   clock network delay (ideal)
                          4.00    4.00 ^ input external delay
   424    1.54    0.50    0.00    4.00 ^ resetn (in)
                  0.50    0.00    4.00 ^ _41922_/RESET_B (sky130_fd_sc_hdll__dfrtp_1)
                                  4.00   data arrival time

                  0.00   20.00   20.00   clock clk (rise edge)
                          0.00   20.00   clock network delay (ideal)
                         -0.40   19.60   clock uncertainty
                          0.00   19.60   clock reconvergence pessimism
                                 19.60 ^ _41922_/CLK (sky130_fd_sc_hdll__dfrtp_1)
                          0.09   19.69   library recovery time
                                 19.69   data required time
-----------------------------------------------------------------------------
                                 19.69   data required time
                                 -4.00   data arrival time
-----------------------------------------------------------------------------
                                 15.69   slack (MET)


Startpoint: en_cpu (input port clocked by clk)
Endpoint: _41985_ (rising edge-triggered flip-flop clocked by clk)
Path Group: clk
Path Type: max

Fanout     Cap    Slew   Delay    Time   Description
-----------------------------------------------------------------------------
                  0.00    0.00    0.00   clock clk (rise edge)
                          0.00    0.00   clock network delay (ideal)
                          4.00    4.00 v input external delay
     4    0.01    0.50    0.00    4.00 v en_cpu (in)
                  0.50    0.00    4.00 v _20352_/B1 (sky130_fd_sc_hdll__a21oi_1)
     4    0.01    0.25    0.28    4.28 ^ _20352_/Y (sky130_fd_sc_hdll__a21oi_1)
                  0.25    0.00    4.28 ^ _20353_/A (sky130_fd_sc_hdll__dlygate4sd3_1)
     4    0.01    0.09    0.42    4.70 ^ _20353_/X (sky130_fd_sc_hdll__dlygate4sd3_1)
                  0.09    0.00    4.70 ^ _20354_/A (sky130_fd_sc_hdll__dlygate4sd3_1)
     4    0.01    0.09    0.41    5.11 ^ _20354_/X (sky130_fd_sc_hdll__dlygate4sd3_1)
                  0.09    0.00    5.11 ^ _20355_/A (sky130_fd_sc_hdll__dlygate4sd3_1)
     4    0.01    0.10    0.41    5.52 ^ _20355_/X (sky130_fd_sc_hdll__dlygate4sd3_1)
                  0.10    0.00    5.52 ^ _37246_/A (sky130_fd_sc_hdll__dlygate4sd3_1)
     4    0.01    0.12    0.42    5.95 ^ _37246_/X (sky130_fd_sc_hdll__dlygate4sd3_1)
                  0.12    0.00    5.95 ^ _37257_/A2_N (sky130_fd_sc_hdll__o2bb2ai_1)
     1    0.00    0.10    0.07    6.02 ^ _37257_/Y (sky130_fd_sc_hdll__o2bb2ai_1)
                  0.10    0.00    6.02 ^ _41985_/D (sky130_fd_sc_hdll__dfrtp_1)
                                  6.02   data arrival time

                  0.00   20.00   20.00   clock clk (rise edge)
                          0.00   20.00   clock network delay (ideal)
                         -0.40   19.60   clock uncertainty
                          0.00   19.60   clock reconvergence pessimism
                                 19.60 ^ _41985_/CLK (sky130_fd_sc_hdll__dfrtp_1)
                         -0.05   19.55   library setup time
                                 19.55   data required time
-----------------------------------------------------------------------------
                                 19.55   data required time
                                 -6.02   data arrival time
-----------------------------------------------------------------------------
                                 13.54   slack (MET)


