max capacitance

Pin                                    Limit     Cap   Slack
------------------------------------------------------------
_38204_/Y                               0.02    0.05   -0.04 (VIOLATED)

_38258_/Y                               0.02    0.05   -0.04 (VIOLATED)

_37006_/Y                               0.03    0.05   -0.02 (VIOLATED)

_37033_/Y                               0.03    0.05   -0.02 (VIOLATED)

_37535_/Y                               0.03    0.05   -0.02 (VIOLATED)

_37859_/Y                               0.03    0.05   -0.02 (VIOLATED)

_37539_/Y                               0.03    0.05   -0.02 (VIOLATED)

_37552_/Y                               0.03    0.05   -0.02 (VIOLATED)

_37839_/Y                               0.03    0.05   -0.02 (VIOLATED)

_37844_/Y                               0.03    0.05   -0.02 (VIOLATED)

_53092_/Q                               0.07    0.10   -0.02 (VIOLATED)

_53093_/Q                               0.07    0.10   -0.02 (VIOLATED)

_53094_/Q                               0.07    0.10   -0.02 (VIOLATED)

_53095_/Q                               0.07    0.10   -0.02 (VIOLATED)

_53096_/Q                               0.07    0.10   -0.02 (VIOLATED)

_53097_/Q                               0.07    0.10   -0.02 (VIOLATED)

_53098_/Q                               0.07    0.10   -0.02 (VIOLATED)

_37002_/Y                               0.03    0.05   -0.02 (VIOLATED)

_37011_/Y                               0.03    0.05   -0.02 (VIOLATED)

_37547_/Y                               0.03    0.05   -0.02 (VIOLATED)

_37868_/Y                               0.03    0.05   -0.02 (VIOLATED)

_38568_/Y                               0.03    0.05   -0.02 (VIOLATED)

_25820_/Y                               0.03    0.05   -0.02 (VIOLATED)

_37021_/Y                               0.03    0.04   -0.01 (VIOLATED)

_37834_/Y                               0.03    0.04   -0.01 (VIOLATED)

_38110_/Y                               0.03    0.04   -0.01 (VIOLATED)

_53054_/Q                               0.07    0.09   -0.01 (VIOLATED)

_37016_/Y                               0.03    0.04   -0.01 (VIOLATED)

_37874_/Y                               0.03    0.04   -0.01 (VIOLATED)

_25830_/Y                               0.02    0.03   -0.01 (VIOLATED)

_38205_/Y                               0.03    0.04   -0.01 (VIOLATED)

_38490_/Y                               0.03    0.04   -0.01 (VIOLATED)

_25798_/Y                               0.02    0.03   -0.01 (VIOLATED)

_53051_/Q                               0.07    0.08   -0.01 (VIOLATED)

_53053_/Q                               0.07    0.08   -0.01 (VIOLATED)

_36403_/Y                               0.02    0.03   -0.01 (VIOLATED)

_53052_/Q                               0.07    0.08   -0.01 (VIOLATED)

_25843_/Y                               0.03    0.04   -0.01 (VIOLATED)

_53073_/Q                               0.07    0.08   -0.01 (VIOLATED)

_39169_/Y                               0.06    0.07   -0.01 (VIOLATED)

_25761_/Y                               0.03    0.04   -0.01 (VIOLATED)

_36850_/Y                               0.01    0.02   -0.00 (VIOLATED)

_25891_/Y                               0.03    0.03   -0.00 (VIOLATED)

_39293_/Y                               0.03    0.03   -0.00 (VIOLATED)

_25795_/Y                               0.03    0.03   -0.00 (VIOLATED)

_36721_/Y                               0.02    0.02   -0.00 (VIOLATED)

_36845_/Y                               0.02    0.02   -0.00 (VIOLATED)

