Startpoint: resetn (input port clocked by clk)
Endpoint: _41266_ (removal check against rising-edge clock clk)
Path Group: asynchronous
Path Type: min

Fanout     Cap    Slew   Delay    Time   Description
-----------------------------------------------------------------------------
                  0.00    0.00    0.00   clock clk (rise edge)
                          0.00    0.00   clock network delay (ideal)
                          0.00    0.00 ^ input external delay
   422    1.45    0.00    0.00    0.00 ^ resetn (in)
                  0.00    0.00    0.00 ^ _41266_/RESET_B (sky130_fd_sc_hdll__dfrtp_1)
                                  0.00   data arrival time

                  0.00    0.00    0.00   clock clk (rise edge)
                          0.00    0.00   clock network delay (ideal)
                          0.05    0.05   clock uncertainty
                          0.00    0.05   clock reconvergence pessimism
                                  0.05 ^ _41266_/CLK (sky130_fd_sc_hdll__dfrtp_1)
                          0.67    0.72   library removal time
                                  0.72   data required time
-----------------------------------------------------------------------------
                                  0.72   data required time
                                 -0.00   data arrival time
-----------------------------------------------------------------------------
                                 -0.72   slack (VIOLATED)


Startpoint: _41302_ (rising edge-triggered flip-flop clocked by clk)
Endpoint: _41302_ (rising edge-triggered flip-flop clocked by clk)
Path Group: clk
Path Type: min

Fanout     Cap    Slew   Delay    Time   Description
-----------------------------------------------------------------------------
                  0.00    0.00    0.00   clock clk (rise edge)
                          0.00    0.00   clock network delay (ideal)
                  0.00    0.00    0.00 ^ _41302_/CLK (sky130_fd_sc_hdll__dfrtp_1)
     2    0.00    0.15    0.65    0.65 ^ _41302_/Q (sky130_fd_sc_hdll__dfrtp_1)
                  0.15    0.00    0.65 ^ _38932_/A (sky130_fd_sc_hdll__nand2_1)
     1    0.00    0.09    0.10    0.76 v _38932_/Y (sky130_fd_sc_hdll__nand2_1)
                  0.09    0.00    0.76 v _38935_/A (sky130_fd_sc_hdll__nand2_1)
     1    0.00    0.08    0.09    0.85 ^ _38935_/Y (sky130_fd_sc_hdll__nand2_1)
                  0.08    0.00    0.85 ^ _41302_/D (sky130_fd_sc_hdll__dfrtp_1)
                                  0.85   data arrival time

                  0.00    0.00    0.00   clock clk (rise edge)
                          0.00    0.00   clock network delay (ideal)
                          0.05    0.05   clock uncertainty
                          0.00    0.05   clock reconvergence pessimism
                                  0.05 ^ _41302_/CLK (sky130_fd_sc_hdll__dfrtp_1)
                         -0.10   -0.05   library hold time
                                 -0.05   data required time
-----------------------------------------------------------------------------
                                 -0.05   data required time
                                 -0.85   data arrival time
-----------------------------------------------------------------------------
                                  0.90   slack (MET)


