Startpoint: resetn (input port clocked by clk)
Endpoint: _39641_ (recovery check against rising-edge clock clk)
Path Group: asynchronous
Path Type: max

Fanout     Cap    Slew   Delay    Time   Description
-----------------------------------------------------------------------------
                  0.00    0.00    0.00   clock clk (rise edge)
                          0.00    0.00   clock network delay (ideal)
                          4.00    4.00 ^ input external delay
   424    1.46    0.50    0.00    4.00 ^ resetn (in)
                  0.50    0.00    4.00 ^ _39641_/RESET_B (sky130_fd_sc_hdll__dfrtp_1)
                                  4.00   data arrival time

                  0.00   20.00   20.00   clock clk (rise edge)
                          0.00   20.00   clock network delay (ideal)
                         -0.40   19.60   clock uncertainty
                          0.00   19.60   clock reconvergence pessimism
                                 19.60 ^ _39641_/CLK (sky130_fd_sc_hdll__dfrtp_1)
                          0.37   19.97   library recovery time
                                 19.97   data required time
-----------------------------------------------------------------------------
                                 19.97   data required time
                                 -4.00   data arrival time
-----------------------------------------------------------------------------
                                 15.97   slack (MET)


Startpoint: _39641_ (rising edge-triggered flip-flop clocked by clk)
Endpoint: _40058_ (rising edge-triggered flip-flop clocked by clk)
Path Group: clk
Path Type: max

Fanout     Cap    Slew   Delay    Time   Description
-----------------------------------------------------------------------------
                  0.00    0.00    0.00   clock clk (rise edge)
                          0.00    0.00   clock network delay (ideal)
                  0.00    0.00    0.00 ^ _39641_/CLK (sky130_fd_sc_hdll__dfrtp_1)
     3    0.01    0.15    0.81    0.81 v _39641_/Q (sky130_fd_sc_hdll__dfrtp_1)
                  0.15    0.00    0.81 v _18882_/A (sky130_fd_sc_hdll__dlygate4sd3_1)
     4    0.01    0.19    1.22    2.04 v _18882_/X (sky130_fd_sc_hdll__dlygate4sd3_1)
                  0.19    0.00    2.04 v _18883_/A (sky130_fd_sc_hdll__dlygate4sd3_1)
     4    0.01    0.20    1.25    3.29 v _18883_/X (sky130_fd_sc_hdll__dlygate4sd3_1)
                  0.20    0.00    3.29 v _18901_/A (sky130_fd_sc_hdll__dlygate4sd3_1)
     4    0.01    0.19    1.25    4.54 v _18901_/X (sky130_fd_sc_hdll__dlygate4sd3_1)
                  0.19    0.00    4.54 v _18944_/A (sky130_fd_sc_hdll__dlygate4sd3_1)
     4    0.01    0.20    1.25    5.79 v _18944_/X (sky130_fd_sc_hdll__dlygate4sd3_1)
                  0.20    0.00    5.79 v _18945_/A (sky130_fd_sc_hdll__dlygate4sd3_1)
     4    0.01    0.22    1.28    7.07 v _18945_/X (sky130_fd_sc_hdll__dlygate4sd3_1)
                  0.22    0.00    7.07 v _19064_/B (sky130_fd_sc_hdll__nand2_1)
     1    0.00    0.11    0.16    7.23 ^ _19064_/Y (sky130_fd_sc_hdll__nand2_1)
                  0.11    0.00    7.23 ^ _19065_/B1 (sky130_fd_sc_hdll__o21ai_1)
     2    0.01    0.19    0.16    7.39 v _19065_/Y (sky130_fd_sc_hdll__o21ai_1)
                  0.19    0.00    7.39 v _19614_/A (sky130_fd_sc_hdll__dlygate4sd3_1)
     4    0.01    0.20    1.25    8.64 v _19614_/X (sky130_fd_sc_hdll__dlygate4sd3_1)
                  0.20    0.00    8.64 v _19615_/SLEEP (sky130_fd_sc_hdll__inputiso1p_1)
     4    0.01    0.19    0.65    9.29 v _19615_/X (sky130_fd_sc_hdll__inputiso1p_1)
                  0.19    0.00    9.29 v _19621_/B (sky130_fd_sc_hdll__nor4_1)
     1    0.00    0.59    0.57    9.86 ^ _19621_/Y (sky130_fd_sc_hdll__nor4_1)
                  0.59    0.00    9.86 ^ _19622_/B (sky130_fd_sc_hdll__nand2_1)
     3    0.01    0.20    0.29   10.14 v _19622_/Y (sky130_fd_sc_hdll__nand2_1)
                  0.20    0.00   10.14 v _19709_/A1 (sky130_fd_sc_hdll__mux2i_1)
     2    0.00    0.40    0.31   10.45 ^ _19709_/Y (sky130_fd_sc_hdll__mux2i_1)
                  0.40    0.00   10.45 ^ _19710_/A (sky130_fd_sc_hdll__dlygate4sd3_1)
     4    0.01    0.24    1.22   11.67 ^ _19710_/X (sky130_fd_sc_hdll__dlygate4sd3_1)
                  0.24    0.00   11.67 ^ _19711_/A (sky130_fd_sc_hdll__dlygate4sd3_1)
     4    0.01    0.24    1.18   12.85 ^ _19711_/X (sky130_fd_sc_hdll__dlygate4sd3_1)
                  0.24    0.00   12.85 ^ _19712_/A (sky130_fd_sc_hdll__dlygate4sd3_1)
     4    0.01    0.27    1.20   14.04 ^ _19712_/X (sky130_fd_sc_hdll__dlygate4sd3_1)
                  0.27    0.00   14.04 ^ _19716_/A2 (sky130_fd_sc_hdll__a21oi_1)
     2    0.00    0.14    0.19   14.23 v _19716_/Y (sky130_fd_sc_hdll__a21oi_1)
                  0.14    0.00   14.23 v _19830_/A1 (sky130_fd_sc_hdll__mux2_1)
     2    0.00    0.19    0.80   15.03 v _19830_/X (sky130_fd_sc_hdll__mux2_1)
                  0.19    0.00   15.03 v _19832_/A0 (sky130_fd_sc_hdll__mux2_1)
     2    0.00    0.21    0.78   15.82 v _19832_/X (sky130_fd_sc_hdll__mux2_1)
                  0.21    0.00   15.82 v _20146_/A2 (sky130_fd_sc_hdll__o21ai_1)
     1    0.00    0.27    0.27   16.09 ^ _20146_/Y (sky130_fd_sc_hdll__o21ai_1)
                  0.27    0.00   16.09 ^ _20147_/B (sky130_fd_sc_hdll__nand2_1)
     1    0.00    0.11    0.15   16.24 v _20147_/Y (sky130_fd_sc_hdll__nand2_1)
                  0.11    0.00   16.24 v _20148_/A3 (sky130_fd_sc_hdll__a31o_1)
     1    0.00    0.09    0.46   16.70 v _20148_/X (sky130_fd_sc_hdll__a31o_1)
                  0.09    0.00   16.70 v _20180_/A (sky130_fd_sc_hdll__nand2_1)
     1    0.00    0.11    0.10   16.80 ^ _20180_/Y (sky130_fd_sc_hdll__nand2_1)
                  0.11    0.00   16.80 ^ _20181_/B1 (sky130_fd_sc_hdll__a31oi_1)
     1    0.00    0.16    0.07   16.88 v _20181_/Y (sky130_fd_sc_hdll__a31oi_1)
                  0.16    0.00   16.88 v _20182_/B (sky130_fd_sc_hdll__nor2_1)
     2    0.00    0.32    0.26   17.14 ^ _20182_/Y (sky130_fd_sc_hdll__nor2_1)
                  0.32    0.00   17.14 ^ _20183_/B (sky130_fd_sc_hdll__nand2_1)
     1    0.00    0.11    0.17   17.30 v _20183_/Y (sky130_fd_sc_hdll__nand2_1)
                  0.11    0.00   17.30 v _20184_/C1 (sky130_fd_sc_hdll__o211ai_1)
     1    0.00    0.34    0.14   17.44 ^ _20184_/Y (sky130_fd_sc_hdll__o211ai_1)
                  0.34    0.00   17.44 ^ _40058_/D (sky130_fd_sc_hdll__dfrtp_1)
                                 17.44   data arrival time

                  0.00   20.00   20.00   clock clk (rise edge)
                          0.00   20.00   clock network delay (ideal)
                         -0.40   19.60   clock uncertainty
                          0.00   19.60   clock reconvergence pessimism
                                 19.60 ^ _40058_/CLK (sky130_fd_sc_hdll__dfrtp_1)
                         -0.25   19.35   library setup time
                                 19.35   data required time
-----------------------------------------------------------------------------
                                 19.35   data required time
                                -17.44   data arrival time
-----------------------------------------------------------------------------
                                  1.92   slack (MET)


