max slew

Pin                                    Limit    Slew   Slack
------------------------------------------------------------
_38204_/Y                               1.20    4.18   -2.98 (VIOLATED)
_38206_/A                               1.20    4.18   -2.98 (VIOLATED)
_38258_/Y                               1.20    4.18   -2.98 (VIOLATED)
_38259_/A                               1.20    4.18   -2.98 (VIOLATED)
_38297_/A                               1.20    4.18   -2.98 (VIOLATED)
_38414_/A                               1.20    4.18   -2.98 (VIOLATED)
_38491_/A                               1.20    4.18   -2.98 (VIOLATED)
_38622_/A                               1.20    4.18   -2.98 (VIOLATED)
_38698_/A                               1.20    4.18   -2.98 (VIOLATED)
_38812_/A                               1.20    4.18   -2.98 (VIOLATED)
_37006_/Y                               1.20    2.66   -1.46 (VIOLATED)
_37007_/B                               1.20    2.66   -1.46 (VIOLATED)
_37012_/B                               1.20    2.66   -1.46 (VIOLATED)
_37071_/A                               1.20    2.66   -1.46 (VIOLATED)
_37090_/A                               1.20    2.66   -1.46 (VIOLATED)
_37033_/Y                               1.20    2.64   -1.44 (VIOLATED)
_37034_/A                               1.20    2.64   -1.44 (VIOLATED)
_37038_/B                               1.20    2.64   -1.44 (VIOLATED)
_37041_/B                               1.20    2.64   -1.44 (VIOLATED)
_37083_/A                               1.20    2.64   -1.44 (VIOLATED)
_37839_/Y                               1.20    2.63   -1.43 (VIOLATED)
_37841_/A                               1.20    2.63   -1.43 (VIOLATED)
_37863_/A                               1.20    2.63   -1.43 (VIOLATED)
_37882_/B                               1.20    2.63   -1.43 (VIOLATED)
_37886_/A                               1.20    2.63   -1.43 (VIOLATED)
_37535_/Y                               1.20    2.62   -1.42 (VIOLATED)
_37536_/A                               1.20    2.62   -1.42 (VIOLATED)
_37556_/A                               1.20    2.62   -1.42 (VIOLATED)
_37590_/B                               1.20    2.62   -1.42 (VIOLATED)
_37593_/B                               1.20    2.62   -1.42 (VIOLATED)
_37547_/Y                               1.20    2.61   -1.41 (VIOLATED)
_37549_/A                               1.20    2.61   -1.41 (VIOLATED)
_37579_/A                               1.20    2.61   -1.41 (VIOLATED)
_37588_/A                               1.20    2.61   -1.41 (VIOLATED)
_37593_/A                               1.20    2.61   -1.41 (VIOLATED)
_37859_/Y                               1.20    2.61   -1.41 (VIOLATED)
_37861_/A                               1.20    2.61   -1.41 (VIOLATED)
_37863_/B                               1.20    2.61   -1.41 (VIOLATED)
_37866_/B                               1.20    2.61   -1.41 (VIOLATED)
_37891_/A                               1.20    2.61   -1.41 (VIOLATED)
_37868_/Y                               1.20    2.61   -1.41 (VIOLATED)
_37869_/A                               1.20    2.61   -1.41 (VIOLATED)
_37877_/A                               1.20    2.61   -1.41 (VIOLATED)
_37882_/A                               1.20    2.61   -1.41 (VIOLATED)
_37888_/A                               1.20    2.61   -1.41 (VIOLATED)
_37552_/Y                               1.20    2.60   -1.40 (VIOLATED)
_37553_/A                               1.20    2.60   -1.40 (VIOLATED)
_37577_/A                               1.20    2.60   -1.40 (VIOLATED)
_37584_/B                               1.20    2.60   -1.40 (VIOLATED)
_37590_/A                               1.20    2.60   -1.40 (VIOLATED)
_38568_/Y                               1.20    2.60   -1.40 (VIOLATED)
_38570_/A                               1.20    2.60   -1.40 (VIOLATED)
_38660_/A                               1.20    2.60   -1.40 (VIOLATED)
_38736_/A                               1.20    2.60   -1.40 (VIOLATED)
_38774_/A                               1.20    2.60   -1.40 (VIOLATED)
_37002_/Y                               1.20    2.59   -1.39 (VIOLATED)
_37007_/A                               1.20    2.59   -1.39 (VIOLATED)
_37028_/A                               1.20    2.59   -1.39 (VIOLATED)
_37041_/A                               1.20    2.59   -1.39 (VIOLATED)
_37065_/A                               1.20    2.59   -1.39 (VIOLATED)
_37844_/Y                               1.20    2.59   -1.39 (VIOLATED)
_37845_/A                               1.20    2.59   -1.39 (VIOLATED)
_37866_/A                               1.20    2.59   -1.39 (VIOLATED)
_37869_/B                               1.20    2.59   -1.39 (VIOLATED)
_37880_/A                               1.20    2.59   -1.39 (VIOLATED)
_37539_/Y                               1.20    2.58   -1.38 (VIOLATED)
_37541_/A                               1.20    2.58   -1.38 (VIOLATED)
_37579_/B                               1.20    2.58   -1.38 (VIOLATED)
_37582_/A                               1.20    2.58   -1.38 (VIOLATED)
_37584_/A                               1.20    2.58   -1.38 (VIOLATED)
_37011_/Y                               1.20    2.56   -1.36 (VIOLATED)
_37012_/A                               1.20    2.56   -1.36 (VIOLATED)
_37017_/A                               1.20    2.56   -1.36 (VIOLATED)
_37038_/A                               1.20    2.56   -1.36 (VIOLATED)
_37062_/A                               1.20    2.56   -1.36 (VIOLATED)
_25830_/Y                               1.20    2.39   -1.19 (VIOLATED)
_25999_/A                               1.20    2.39   -1.19 (VIOLATED)
_26158_/A                               1.20    2.39   -1.19 (VIOLATED)
_55939_/A                               1.20    2.39   -1.19 (VIOLATED)
_25820_/Y                               1.20    2.33   -1.13 (VIOLATED)
_25821_/B                               1.20    2.33   -1.13 (VIOLATED)
_25852_/A                               1.20    2.33   -1.13 (VIOLATED)
_25862_/A                               1.20    2.33   -1.13 (VIOLATED)
_25867_/B                               1.20    2.33   -1.13 (VIOLATED)
_26166_/B                               1.20    2.33   -1.13 (VIOLATED)
_25798_/Y                               1.20    2.31   -1.11 (VIOLATED)
_26066_/A                               1.20    2.31   -1.11 (VIOLATED)
_55929_/A                               1.20    2.31   -1.11 (VIOLATED)
_55931_/A                               1.20    2.31   -1.11 (VIOLATED)
_55935_/A                               1.20    2.31   -1.11 (VIOLATED)
_55937_/A                               1.20    2.31   -1.11 (VIOLATED)
_55944_/A                               1.20    2.31   -1.11 (VIOLATED)
_55946_/A                               1.20    2.31   -1.11 (VIOLATED)
_36403_/Y                               1.20    2.18   -0.98 (VIOLATED)
_36404_/A                               1.20    2.18   -0.98 (VIOLATED)
_36475_/A                               1.20    2.18   -0.98 (VIOLATED)
_36520_/A                               1.20    2.18   -0.98 (VIOLATED)
_36767_/B                               1.20    2.18   -0.98 (VIOLATED)
_37834_/Y                               1.20    2.16   -0.96 (VIOLATED)
_37835_/A                               1.20    2.16   -0.96 (VIOLATED)
_37875_/B                               1.20    2.16   -0.96 (VIOLATED)
_37877_/B                               1.20    2.16   -0.96 (VIOLATED)
_37891_/B                               1.20    2.16   -0.96 (VIOLATED)
_38110_/Y                               1.20    2.15   -0.95 (VIOLATED)
_38111_/A                               1.20    2.15   -0.95 (VIOLATED)
_38297_/B                               1.20    2.15   -0.95 (VIOLATED)
_38414_/B                               1.20    2.15   -0.95 (VIOLATED)
_38774_/B                               1.20    2.15   -0.95 (VIOLATED)
_37021_/Y                               1.20    2.14   -0.94 (VIOLATED)
_37022_/A                               1.20    2.14   -0.94 (VIOLATED)
_37034_/B                               1.20    2.14   -0.94 (VIOLATED)
_37087_/B                               1.20    2.14   -0.94 (VIOLATED)
_37090_/B                               1.20    2.14   -0.94 (VIOLATED)
_37016_/Y                               1.20    2.12   -0.92 (VIOLATED)
_37017_/B                               1.20    2.12   -0.92 (VIOLATED)
_37028_/B                               1.20    2.12   -0.92 (VIOLATED)
_37074_/A                               1.20    2.12   -0.92 (VIOLATED)
_37087_/A                               1.20    2.12   -0.92 (VIOLATED)
_37874_/Y                               1.20    2.11   -0.91 (VIOLATED)
_37875_/A                               1.20    2.11   -0.91 (VIOLATED)
_37880_/B                               1.20    2.11   -0.91 (VIOLATED)
_37886_/B                               1.20    2.11   -0.91 (VIOLATED)
_37893_/A                               1.20    2.11   -0.91 (VIOLATED)
_38205_/Y                               1.20    2.03   -0.83 (VIOLATED)
_38206_/B                               1.20    2.03   -0.83 (VIOLATED)
_38259_/B                               1.20    2.03   -0.83 (VIOLATED)
_38736_/B                               1.20    2.03   -0.83 (VIOLATED)
_38490_/Y                               1.20    2.03   -0.83 (VIOLATED)
_38491_/B                               1.20    2.03   -0.83 (VIOLATED)
_38660_/B                               1.20    2.03   -0.83 (VIOLATED)
_38812_/B                               1.20    2.03   -0.83 (VIOLATED)
_26207_/A                               1.20    1.98   -0.78 (VIOLATED)
_26218_/A                               1.20    1.98   -0.78 (VIOLATED)
_26227_/A                               1.20    1.98   -0.78 (VIOLATED)
_26235_/A                               1.20    1.98   -0.78 (VIOLATED)
_26241_/A                               1.20    1.98   -0.78 (VIOLATED)
_26247_/A                               1.20    1.98   -0.78 (VIOLATED)
_34439_/A                               1.20    1.98   -0.78 (VIOLATED)
_38341_/B                               1.20    1.98   -0.78 (VIOLATED)
_38343_/B                               1.20    1.98   -0.78 (VIOLATED)
_38345_/B                               1.20    1.98   -0.78 (VIOLATED)
_38347_/B                               1.20    1.98   -0.78 (VIOLATED)
_38350_/B                               1.20    1.98   -0.78 (VIOLATED)
_38353_/B                               1.20    1.98   -0.78 (VIOLATED)
_38380_/B                               1.20    1.98   -0.78 (VIOLATED)
_38382_/B                               1.20    1.98   -0.78 (VIOLATED)
_38384_/B                               1.20    1.98   -0.78 (VIOLATED)
_38386_/B                               1.20    1.98   -0.78 (VIOLATED)
_38389_/B                               1.20    1.98   -0.78 (VIOLATED)
_38392_/B                               1.20    1.98   -0.78 (VIOLATED)
_38456_/B                               1.20    1.98   -0.78 (VIOLATED)
_38458_/B                               1.20    1.98   -0.78 (VIOLATED)
_38460_/B                               1.20    1.98   -0.78 (VIOLATED)
_38462_/B                               1.20    1.98   -0.78 (VIOLATED)
_38465_/B                               1.20    1.98   -0.78 (VIOLATED)
_38468_/B                               1.20    1.98   -0.78 (VIOLATED)
_38533_/B                               1.20    1.98   -0.78 (VIOLATED)
_38535_/B                               1.20    1.98   -0.78 (VIOLATED)
_38537_/B                               1.20    1.98   -0.78 (VIOLATED)
_38539_/B                               1.20    1.98   -0.78 (VIOLATED)
_38542_/B                               1.20    1.98   -0.78 (VIOLATED)
_38545_/B                               1.20    1.98   -0.78 (VIOLATED)
_51110_/B                               1.20    1.98   -0.78 (VIOLATED)
_51114_/B                               1.20    1.98   -0.78 (VIOLATED)
_51118_/B                               1.20    1.98   -0.78 (VIOLATED)
_51120_/B                               1.20    1.98   -0.78 (VIOLATED)
_53092_/Q                               1.20    1.98   -0.78 (VIOLATED)
_53093_/Q                               1.20    1.98   -0.78 (VIOLATED)
_53094_/Q                               1.20    1.98   -0.78 (VIOLATED)
_53095_/Q                               1.20    1.98   -0.78 (VIOLATED)
_53096_/Q                               1.20    1.98   -0.78 (VIOLATED)
_53097_/Q                               1.20    1.98   -0.78 (VIOLATED)
_53098_/Q                               1.20    1.98   -0.78 (VIOLATED)
_56126_/A                               1.20    1.98   -0.78 (VIOLATED)
_56127_/A                               1.20    1.98   -0.78 (VIOLATED)
_56128_/A                               1.20    1.98   -0.78 (VIOLATED)
_56129_/A                               1.20    1.98   -0.78 (VIOLATED)
_56130_/A                               1.20    1.98   -0.78 (VIOLATED)
_56131_/A                               1.20    1.98   -0.78 (VIOLATED)
_56132_/A                               1.20    1.98   -0.78 (VIOLATED)
_56518_/A                               1.20    1.98   -0.78 (VIOLATED)
_56519_/A                               1.20    1.98   -0.78 (VIOLATED)
_56520_/A                               1.20    1.98   -0.78 (VIOLATED)
_56521_/A                               1.20    1.98   -0.78 (VIOLATED)
_56522_/A                               1.20    1.98   -0.78 (VIOLATED)
_56523_/A                               1.20    1.98   -0.78 (VIOLATED)
_56524_/A                               1.20    1.98   -0.78 (VIOLATED)
_56724_/A                               1.20    1.98   -0.78 (VIOLATED)
_56725_/A                               1.20    1.98   -0.78 (VIOLATED)
_56726_/A                               1.20    1.98   -0.78 (VIOLATED)
_56727_/A                               1.20    1.98   -0.78 (VIOLATED)
_56728_/A                               1.20    1.98   -0.78 (VIOLATED)
_56729_/A                               1.20    1.98   -0.78 (VIOLATED)
_56730_/A                               1.20    1.98   -0.78 (VIOLATED)
_57020_/A                               1.20    1.98   -0.78 (VIOLATED)
_57021_/A                               1.20    1.98   -0.78 (VIOLATED)
_57022_/A                               1.20    1.98   -0.78 (VIOLATED)
_57023_/A                               1.20    1.98   -0.78 (VIOLATED)
_57024_/A                               1.20    1.98   -0.78 (VIOLATED)
_57025_/A                               1.20    1.98   -0.78 (VIOLATED)
_57026_/A                               1.20    1.98   -0.78 (VIOLATED)
_36850_/Y                               1.20    1.86   -0.66 (VIOLATED)
_36851_/D                               1.20    1.86   -0.66 (VIOLATED)
_25843_/Y                               1.20    1.81   -0.61 (VIOLATED)
_25861_/A                               1.20    1.81   -0.61 (VIOLATED)
_25882_/A                               1.20    1.81   -0.61 (VIOLATED)
_25980_/A                               1.20    1.81   -0.61 (VIOLATED)
_55817_/A                               1.20    1.81   -0.61 (VIOLATED)
_55818_/A                               1.20    1.81   -0.61 (VIOLATED)
_55819_/A                               1.20    1.81   -0.61 (VIOLATED)
_55842_/A                               1.20    1.81   -0.61 (VIOLATED)
_55851_/A                               1.20    1.81   -0.61 (VIOLATED)
_55868_/A                               1.20    1.81   -0.61 (VIOLATED)
_55872_/A                               1.20    1.81   -0.61 (VIOLATED)
_55923_/A                               1.20    1.81   -0.61 (VIOLATED)
_26552_/B                               1.20    1.77   -0.57 (VIOLATED)
_39169_/D                               1.20    1.77   -0.57 (VIOLATED)
_39336_/A                               1.20    1.77   -0.57 (VIOLATED)
_44596_/B                               1.20    1.77   -0.57 (VIOLATED)
_47308_/B                               1.20    1.77   -0.57 (VIOLATED)
_53054_/Q                               1.20    1.77   -0.57 (VIOLATED)
_56082_/A                               1.20    1.77   -0.57 (VIOLATED)
_56762_/A                               1.20    1.77   -0.57 (VIOLATED)
_25761_/Y                               1.20    1.75   -0.55 (VIOLATED)
_25762_/A                               1.20    1.75   -0.55 (VIOLATED)
_25881_/A                               1.20    1.75   -0.55 (VIOLATED)
_55821_/A                               1.20    1.75   -0.55 (VIOLATED)
_55824_/A                               1.20    1.75   -0.55 (VIOLATED)
_55835_/A                               1.20    1.75   -0.55 (VIOLATED)
_55837_/A                               1.20    1.75   -0.55 (VIOLATED)
_55838_/A                               1.20    1.75   -0.55 (VIOLATED)
_55873_/A                               1.20    1.75   -0.55 (VIOLATED)
_55882_/A                               1.20    1.75   -0.55 (VIOLATED)
_55886_/A                               1.20    1.75   -0.55 (VIOLATED)
_26530_/A                               1.20    1.72   -0.52 (VIOLATED)
_26548_/B2                              1.20    1.72   -0.52 (VIOLATED)
_39169_/C                               1.20    1.72   -0.52 (VIOLATED)
_39894_/B                               1.20    1.72   -0.52 (VIOLATED)
_41233_/B                               1.20    1.72   -0.52 (VIOLATED)
_53051_/Q                               1.20    1.72   -0.52 (VIOLATED)
_56079_/A                               1.20    1.72   -0.52 (VIOLATED)
_56759_/A                               1.20    1.72   -0.52 (VIOLATED)
_26537_/A                               1.20    1.72   -0.52 (VIOLATED)
_26551_/A2                              1.20    1.72   -0.52 (VIOLATED)
_39169_/A                               1.20    1.72   -0.52 (VIOLATED)
_41904_/B                               1.20    1.72   -0.52 (VIOLATED)
_47308_/A                               1.20    1.72   -0.52 (VIOLATED)
_53053_/Q                               1.20    1.72   -0.52 (VIOLATED)
_56081_/A                               1.20    1.72   -0.52 (VIOLATED)
_56761_/A                               1.20    1.72   -0.52 (VIOLATED)
_25891_/Y                               1.20    1.69   -0.49 (VIOLATED)
_25892_/A                               1.20    1.69   -0.49 (VIOLATED)
_25906_/A                               1.20    1.69   -0.49 (VIOLATED)
_25908_/B                               1.20    1.69   -0.49 (VIOLATED)
_26063_/B                               1.20    1.69   -0.49 (VIOLATED)
_39293_/Y                               1.20    1.69   -0.49 (VIOLATED)
_39294_/B                               1.20    1.69   -0.49 (VIOLATED)
_40013_/A                               1.20    1.69   -0.49 (VIOLATED)
_43381_/A                               1.20    1.69   -0.49 (VIOLATED)
_46750_/A                               1.20    1.69   -0.49 (VIOLATED)
_26546_/A                               1.20    1.66   -0.46 (VIOLATED)
_39169_/B                               1.20    1.66   -0.46 (VIOLATED)
_40563_/B                               1.20    1.66   -0.46 (VIOLATED)
_41233_/A                               1.20    1.66   -0.46 (VIOLATED)
_53052_/Q                               1.20    1.66   -0.46 (VIOLATED)
_56080_/A                               1.20    1.66   -0.46 (VIOLATED)
_56760_/A                               1.20    1.66   -0.46 (VIOLATED)
_25795_/Y                               1.20    1.64   -0.44 (VIOLATED)
_25926_/C                               1.20    1.64   -0.44 (VIOLATED)
_25940_/A1                              1.20    1.64   -0.44 (VIOLATED)
_49964_/A                               1.20    1.64   -0.44 (VIOLATED)
_55830_/A                               1.20    1.64   -0.44 (VIOLATED)
_55855_/A                               1.20    1.64   -0.44 (VIOLATED)
_55856_/A                               1.20    1.64   -0.44 (VIOLATED)
_55871_/A                               1.20    1.64   -0.44 (VIOLATED)
_55876_/A                               1.20    1.64   -0.44 (VIOLATED)
_55878_/A                               1.20    1.64   -0.44 (VIOLATED)
_34611_/A                               1.20    1.63   -0.43 (VIOLATED)
_34658_/B                               1.20    1.63   -0.43 (VIOLATED)
_34840_/A                               1.20    1.63   -0.43 (VIOLATED)
_35182_/A3                              1.20    1.63   -0.43 (VIOLATED)
_53073_/Q                               1.20    1.63   -0.43 (VIOLATED)
_55754_/A                               1.20    1.63   -0.43 (VIOLATED)
_55755_/A                               1.20    1.63   -0.43 (VIOLATED)
_55756_/A                               1.20    1.63   -0.43 (VIOLATED)
_55757_/A                               1.20    1.63   -0.43 (VIOLATED)
_55758_/A                               1.20    1.63   -0.43 (VIOLATED)
_55759_/A                               1.20    1.63   -0.43 (VIOLATED)
_55760_/A                               1.20    1.63   -0.43 (VIOLATED)
_55761_/A                               1.20    1.63   -0.43 (VIOLATED)
_55762_/A                               1.20    1.63   -0.43 (VIOLATED)
_56345_/A                               1.20    1.63   -0.43 (VIOLATED)
_56346_/A                               1.20    1.63   -0.43 (VIOLATED)
_56347_/A                               1.20    1.63   -0.43 (VIOLATED)
_56348_/A                               1.20    1.63   -0.43 (VIOLATED)
_56349_/A                               1.20    1.63   -0.43 (VIOLATED)
_56350_/A                               1.20    1.63   -0.43 (VIOLATED)
_56351_/A                               1.20    1.63   -0.43 (VIOLATED)
_56352_/A                               1.20    1.63   -0.43 (VIOLATED)
_56353_/A                               1.20    1.63   -0.43 (VIOLATED)
_56361_/A                               1.20    1.63   -0.43 (VIOLATED)
_56379_/A                               1.20    1.63   -0.43 (VIOLATED)
_56802_/A                               1.20    1.63   -0.43 (VIOLATED)
_39169_/Y                               1.20    1.57   -0.37 (VIOLATED)
_39173_/A                               1.20    1.57   -0.37 (VIOLATED)
_39214_/A                               1.20    1.57   -0.37 (VIOLATED)
_39254_/A                               1.20    1.57   -0.37 (VIOLATED)
_39294_/A                               1.20    1.57   -0.37 (VIOLATED)
_39718_/A                               1.20    1.57   -0.37 (VIOLATED)
_36721_/Y                               1.20    1.55   -0.35 (VIOLATED)
_36731_/A                               1.20    1.55   -0.35 (VIOLATED)
_36845_/Y                               1.20    1.55   -0.35 (VIOLATED)
_36851_/A                               1.20    1.55   -0.35 (VIOLATED)
_36441_/Y                               1.20    1.52   -0.32 (VIOLATED)
_36442_/A                               1.20    1.52   -0.32 (VIOLATED)
_36503_/A                               1.20    1.52   -0.32 (VIOLATED)
_55728_/A                               1.20    1.52   -0.32 (VIOLATED)
_36774_/Y                               1.20    1.52   -0.32 (VIOLATED)
_36775_/D                               1.20    1.52   -0.32 (VIOLATED)
_25797_/Y                               1.20    1.52   -0.32 (VIOLATED)
_25798_/C                               1.20    1.52   -0.32 (VIOLATED)
_26098_/B1                              1.20    1.52   -0.32 (VIOLATED)
_26117_/A2                              1.20    1.52   -0.32 (VIOLATED)
_55828_/A                               1.20    1.52   -0.32 (VIOLATED)
_55846_/A                               1.20    1.52   -0.32 (VIOLATED)
_55848_/A                               1.20    1.52   -0.32 (VIOLATED)
_55861_/A                               1.20    1.52   -0.32 (VIOLATED)
_25775_/Y                               1.20    1.52   -0.32 (VIOLATED)
_25812_/A                               1.20    1.52   -0.32 (VIOLATED)
_25838_/A                               1.20    1.52   -0.32 (VIOLATED)
_55930_/A                               1.20    1.52   -0.32 (VIOLATED)
_55932_/A                               1.20    1.52   -0.32 (VIOLATED)
_55940_/A                               1.20    1.52   -0.32 (VIOLATED)
_55942_/A                               1.20    1.52   -0.32 (VIOLATED)
_55945_/A                               1.20    1.52   -0.32 (VIOLATED)
_55947_/A                               1.20    1.52   -0.32 (VIOLATED)
_36320_/Y                               1.20    1.51   -0.31 (VIOLATED)
_36327_/A2                              1.20    1.51   -0.31 (VIOLATED)
_36487_/A                               1.20    1.51   -0.31 (VIOLATED)
_39172_/Y                               1.20    1.51   -0.31 (VIOLATED)
_39173_/B                               1.20    1.51   -0.31 (VIOLATED)
_39213_/Y                               1.20    1.51   -0.31 (VIOLATED)
_39214_/B                               1.20    1.51   -0.31 (VIOLATED)
_39253_/Y                               1.20    1.51   -0.31 (VIOLATED)
_39254_/B                               1.20    1.51   -0.31 (VIOLATED)
_39893_/A                               1.20    1.51   -0.31 (VIOLATED)
_39935_/A                               1.20    1.51   -0.31 (VIOLATED)
_39974_/A                               1.20    1.51   -0.31 (VIOLATED)
_43262_/A                               1.20    1.51   -0.31 (VIOLATED)
_43303_/A                               1.20    1.51   -0.31 (VIOLATED)
_43342_/A                               1.20    1.51   -0.31 (VIOLATED)
_46631_/A                               1.20    1.51   -0.31 (VIOLATED)
_46672_/A                               1.20    1.51   -0.31 (VIOLATED)
_46711_/A                               1.20    1.51   -0.31 (VIOLATED)
_35248_/Y                               1.20    1.51   -0.31 (VIOLATED)
_35249_/A                               1.20    1.51   -0.31 (VIOLATED)
_36450_/A                               1.20    1.51   -0.31 (VIOLATED)
_36344_/Y                               1.20    1.51   -0.31 (VIOLATED)
_36345_/A                               1.20    1.51   -0.31 (VIOLATED)
_36497_/A1                              1.20    1.51   -0.31 (VIOLATED)
_35206_/Y                               1.20    1.51   -0.31 (VIOLATED)
_35209_/A                               1.20    1.51   -0.31 (VIOLATED)
_36457_/A1                              1.20    1.51   -0.31 (VIOLATED)
_45276_/Y                               1.20    1.51   -0.31 (VIOLATED)
_45277_/A                               1.20    1.51   -0.31 (VIOLATED)
_45483_/A                               1.20    1.51   -0.31 (VIOLATED)
_45689_/A                               1.20    1.51   -0.31 (VIOLATED)
_45902_/B                               1.20    1.51   -0.31 (VIOLATED)
_46632_/Y                               1.20    1.51   -0.31 (VIOLATED)
_46633_/A                               1.20    1.51   -0.31 (VIOLATED)
_46849_/A                               1.20    1.51   -0.31 (VIOLATED)
_47061_/A                               1.20    1.51   -0.31 (VIOLATED)
_47270_/B                               1.20    1.51   -0.31 (VIOLATED)
_40564_/Y                               1.20    1.51   -0.31 (VIOLATED)
_40565_/A                               1.20    1.51   -0.31 (VIOLATED)
_40779_/A                               1.20    1.51   -0.31 (VIOLATED)
_40989_/A                               1.20    1.51   -0.31 (VIOLATED)
_41195_/B                               1.20    1.51   -0.31 (VIOLATED)
_48638_/Y                               1.20    1.50   -0.30 (VIOLATED)
_48639_/A                               1.20    1.50   -0.30 (VIOLATED)
_48845_/A                               1.20    1.50   -0.30 (VIOLATED)
_49058_/A                               1.20    1.50   -0.30 (VIOLATED)
_49264_/B                               1.20    1.50   -0.30 (VIOLATED)
_41905_/Y                               1.20    1.50   -0.30 (VIOLATED)
_41906_/A                               1.20    1.50   -0.30 (VIOLATED)
_42114_/A                               1.20    1.50   -0.30 (VIOLATED)
_42320_/A                               1.20    1.50   -0.30 (VIOLATED)
_42526_/B                               1.20    1.50   -0.30 (VIOLATED)
_44597_/Y                               1.20    1.50   -0.30 (VIOLATED)
_44598_/A                               1.20    1.50   -0.30 (VIOLATED)
_44818_/A                               1.20    1.50   -0.30 (VIOLATED)
_45030_/A                               1.20    1.50   -0.30 (VIOLATED)
_45238_/B                               1.20    1.50   -0.30 (VIOLATED)
_47309_/Y                               1.20    1.50   -0.30 (VIOLATED)
_47310_/A                               1.20    1.50   -0.30 (VIOLATED)
_47516_/A                               1.20    1.50   -0.30 (VIOLATED)
_47722_/A                               1.20    1.50   -0.30 (VIOLATED)
_47935_/B                               1.20    1.50   -0.30 (VIOLATED)
_35199_/Y                               1.20    1.50   -0.30 (VIOLATED)
_35200_/A                               1.20    1.50   -0.30 (VIOLATED)
_36457_/A0                              1.20    1.50   -0.30 (VIOLATED)
_37526_/Y                               1.20    1.50   -0.30 (VIOLATED)
_37527_/A                               1.20    1.50   -0.30 (VIOLATED)
_37536_/B                               1.20    1.50   -0.30 (VIOLATED)
_37582_/B                               1.20    1.50   -0.30 (VIOLATED)
_37523_/Y                               1.20    1.50   -0.30 (VIOLATED)
_37524_/A                               1.20    1.50   -0.30 (VIOLATED)
_37577_/B                               1.20    1.50   -0.30 (VIOLATED)
_37588_/B                               1.20    1.50   -0.30 (VIOLATED)
_29608_/Y                               1.20    1.49   -0.29 (VIOLATED)
_29610_/A                               1.20    1.49   -0.29 (VIOLATED)
_28387_/Y                               1.20    1.49   -0.29 (VIOLATED)
_28389_/A                               1.20    1.49   -0.29 (VIOLATED)
_31767_/Y                               1.20    1.49   -0.29 (VIOLATED)
_31768_/A                               1.20    1.49   -0.29 (VIOLATED)
_30533_/Y                               1.20    1.49   -0.29 (VIOLATED)
_30535_/A                               1.20    1.49   -0.29 (VIOLATED)
_34032_/Y                               1.20    1.49   -0.29 (VIOLATED)
_34033_/A                               1.20    1.49   -0.29 (VIOLATED)
_30942_/Y                               1.20    1.49   -0.29 (VIOLATED)
_30943_/A                               1.20    1.49   -0.29 (VIOLATED)
_28364_/Y                               1.20    1.49   -0.29 (VIOLATED)
_28366_/A                               1.20    1.49   -0.29 (VIOLATED)
_30907_/Y                               1.20    1.49   -0.29 (VIOLATED)
_30908_/A                               1.20    1.49   -0.29 (VIOLATED)
_30926_/Y                               1.20    1.49   -0.29 (VIOLATED)
_30928_/A                               1.20    1.49   -0.29 (VIOLATED)
_31779_/Y                               1.20    1.49   -0.29 (VIOLATED)
_31780_/A                               1.20    1.49   -0.29 (VIOLATED)
_32414_/Y                               1.20    1.49   -0.29 (VIOLATED)
_32415_/A                               1.20    1.49   -0.29 (VIOLATED)
_33198_/Y                               1.20    1.49   -0.29 (VIOLATED)
_33199_/A                               1.20    1.49   -0.29 (VIOLATED)
_30564_/Y                               1.20    1.49   -0.29 (VIOLATED)
_30565_/A                               1.20    1.49   -0.29 (VIOLATED)
_29260_/Y                               1.20    1.49   -0.29 (VIOLATED)
_29261_/A                               1.20    1.49   -0.29 (VIOLATED)
_34059_/Y                               1.20    1.49   -0.29 (VIOLATED)
_34060_/A                               1.20    1.49   -0.29 (VIOLATED)
_30579_/Y                               1.20    1.49   -0.29 (VIOLATED)
_30580_/A                               1.20    1.49   -0.29 (VIOLATED)
_29596_/Y                               1.20    1.49   -0.29 (VIOLATED)
_29597_/A                               1.20    1.49   -0.29 (VIOLATED)
_30547_/Y                               1.20    1.49   -0.29 (VIOLATED)
_30549_/A                               1.20    1.49   -0.29 (VIOLATED)
_30894_/Y                               1.20    1.49   -0.29 (VIOLATED)
_30895_/A                               1.20    1.49   -0.29 (VIOLATED)
_30958_/Y                               1.20    1.49   -0.29 (VIOLATED)
_30959_/A                               1.20    1.49   -0.29 (VIOLATED)
_33161_/Y                               1.20    1.49   -0.29 (VIOLATED)
_33162_/A                               1.20    1.49   -0.29 (VIOLATED)
_28469_/Y                               1.20    1.49   -0.29 (VIOLATED)
_28470_/A                               1.20    1.49   -0.29 (VIOLATED)
_30972_/Y                               1.20    1.49   -0.29 (VIOLATED)
_30973_/A                               1.20    1.49   -0.29 (VIOLATED)
_33173_/Y                               1.20    1.49   -0.29 (VIOLATED)
_33174_/A                               1.20    1.49   -0.29 (VIOLATED)
_32402_/Y                               1.20    1.49   -0.29 (VIOLATED)
_32403_/A                               1.20    1.49   -0.29 (VIOLATED)
_33186_/Y                               1.20    1.49   -0.29 (VIOLATED)
_33187_/A                               1.20    1.49   -0.29 (VIOLATED)
_34039_/Y                               1.20    1.49   -0.29 (VIOLATED)
_34040_/A                               1.20    1.49   -0.29 (VIOLATED)
_28489_/Y                               1.20    1.49   -0.29 (VIOLATED)
_28490_/A                               1.20    1.49   -0.29 (VIOLATED)
_39333_/Y                               1.20    1.48   -0.28 (VIOLATED)
_39334_/A                               1.20    1.48   -0.28 (VIOLATED)
_39447_/Y                               1.20    1.48   -0.28 (VIOLATED)
_39448_/A                               1.20    1.48   -0.28 (VIOLATED)
_42740_/A                               1.20    1.48   -0.28 (VIOLATED)
_42840_/A                               1.20    1.48   -0.28 (VIOLATED)
_46115_/A                               1.20    1.48   -0.28 (VIOLATED)
_46211_/A                               1.20    1.48   -0.28 (VIOLATED)
_49471_/A                               1.20    1.48   -0.28 (VIOLATED)
_49563_/A                               1.20    1.48   -0.28 (VIOLATED)
_26355_/Y                               1.20    1.47   -0.27 (VIOLATED)
_35172_/A                               1.20    1.47   -0.27 (VIOLATED)
_35975_/A                               1.20    1.47   -0.27 (VIOLATED)
_36357_/B                               1.20    1.47   -0.27 (VIOLATED)
_36512_/A2                              1.20    1.47   -0.27 (VIOLATED)
_56221_/A                               1.20    1.47   -0.27 (VIOLATED)
_56489_/A                               1.20    1.47   -0.27 (VIOLATED)
_56694_/A                               1.20    1.47   -0.27 (VIOLATED)
_38452_/Y                               1.20    1.47   -0.27 (VIOLATED)
_38453_/A                               1.20    1.47   -0.27 (VIOLATED)
_38455_/A                               1.20    1.47   -0.27 (VIOLATED)
_38464_/A                               1.20    1.47   -0.27 (VIOLATED)
_38476_/A                               1.20    1.47   -0.27 (VIOLATED)
_38376_/Y                               1.20    1.47   -0.27 (VIOLATED)
_38377_/A                               1.20    1.47   -0.27 (VIOLATED)
_38379_/A                               1.20    1.47   -0.27 (VIOLATED)
_38388_/A                               1.20    1.47   -0.27 (VIOLATED)
_38400_/A                               1.20    1.47   -0.27 (VIOLATED)
_26549_/Y                               1.20    1.45   -0.25 (VIOLATED)
_26550_/B                               1.20    1.45   -0.25 (VIOLATED)
_36221_/Y                               1.20    1.42   -0.22 (VIOLATED)
_36223_/A2                              1.20    1.42   -0.22 (VIOLATED)
_36354_/B                               1.20    1.42   -0.22 (VIOLATED)
_36904_/A                               1.20    1.42   -0.22 (VIOLATED)
_36912_/A1                              1.20    1.42   -0.22 (VIOLATED)
_26542_/Y                               1.20    1.41   -0.21 (VIOLATED)
_26550_/A                               1.20    1.41   -0.21 (VIOLATED)
_36473_/Y                               1.20    1.41   -0.21 (VIOLATED)
_36477_/A                               1.20    1.41   -0.21 (VIOLATED)
_26253_/A                               1.20    1.41   -0.21 (VIOLATED)
_26258_/A                               1.20    1.41   -0.21 (VIOLATED)
_26265_/A                               1.20    1.41   -0.21 (VIOLATED)
_26276_/A                               1.20    1.41   -0.21 (VIOLATED)
_26286_/A                               1.20    1.41   -0.21 (VIOLATED)
_38355_/B                               1.20    1.41   -0.21 (VIOLATED)
_38357_/B                               1.20    1.41   -0.21 (VIOLATED)
_38359_/B                               1.20    1.41   -0.21 (VIOLATED)
_38362_/B                               1.20    1.41   -0.21 (VIOLATED)
_38365_/B                               1.20    1.41   -0.21 (VIOLATED)
_38394_/B                               1.20    1.41   -0.21 (VIOLATED)
_38396_/B                               1.20    1.41   -0.21 (VIOLATED)
_38398_/B                               1.20    1.41   -0.21 (VIOLATED)
_38401_/B                               1.20    1.41   -0.21 (VIOLATED)
_38404_/B                               1.20    1.41   -0.21 (VIOLATED)
_38470_/B                               1.20    1.41   -0.21 (VIOLATED)
_38472_/B                               1.20    1.41   -0.21 (VIOLATED)
_38474_/B                               1.20    1.41   -0.21 (VIOLATED)
_38477_/B                               1.20    1.41   -0.21 (VIOLATED)
_38480_/B                               1.20    1.41   -0.21 (VIOLATED)
_38547_/B                               1.20    1.41   -0.21 (VIOLATED)
_38549_/B                               1.20    1.41   -0.21 (VIOLATED)
_38551_/B                               1.20    1.41   -0.21 (VIOLATED)
_38554_/B                               1.20    1.41   -0.21 (VIOLATED)
_38557_/B                               1.20    1.41   -0.21 (VIOLATED)
_53087_/Q                               1.20    1.41   -0.21 (VIOLATED)
_53088_/Q                               1.20    1.41   -0.21 (VIOLATED)
_53089_/Q                               1.20    1.41   -0.21 (VIOLATED)
_53090_/Q                               1.20    1.41   -0.21 (VIOLATED)
_53091_/Q                               1.20    1.41   -0.21 (VIOLATED)
_56121_/A                               1.20    1.41   -0.21 (VIOLATED)
_56122_/A                               1.20    1.41   -0.21 (VIOLATED)
_56123_/A                               1.20    1.41   -0.21 (VIOLATED)
_56124_/A                               1.20    1.41   -0.21 (VIOLATED)
_56125_/A                               1.20    1.41   -0.21 (VIOLATED)
_56513_/A                               1.20    1.41   -0.21 (VIOLATED)
_56514_/A                               1.20    1.41   -0.21 (VIOLATED)
_56515_/A                               1.20    1.41   -0.21 (VIOLATED)
_56516_/A                               1.20    1.41   -0.21 (VIOLATED)
_56517_/A                               1.20    1.41   -0.21 (VIOLATED)
_56719_/A                               1.20    1.41   -0.21 (VIOLATED)
_56720_/A                               1.20    1.41   -0.21 (VIOLATED)
_56721_/A                               1.20    1.41   -0.21 (VIOLATED)
_56722_/A                               1.20    1.41   -0.21 (VIOLATED)
_56723_/A                               1.20    1.41   -0.21 (VIOLATED)
_57015_/A                               1.20    1.41   -0.21 (VIOLATED)
_57016_/A                               1.20    1.41   -0.21 (VIOLATED)
_57017_/A                               1.20    1.41   -0.21 (VIOLATED)
_57018_/A                               1.20    1.41   -0.21 (VIOLATED)
_57019_/A                               1.20    1.41   -0.21 (VIOLATED)
_26533_/B2                              1.20    1.41   -0.21 (VIOLATED)
_26549_/B2                              1.20    1.41   -0.21 (VIOLATED)
_39068_/A                               1.20    1.41   -0.21 (VIOLATED)
_39252_/B                               1.20    1.41   -0.21 (VIOLATED)
_39292_/A                               1.20    1.41   -0.21 (VIOLATED)
_53048_/Q                               1.20    1.41   -0.21 (VIOLATED)
_56076_/A                               1.20    1.41   -0.21 (VIOLATED)
_56756_/A                               1.20    1.41   -0.21 (VIOLATED)
_25865_/Y                               1.20    1.41   -0.21 (VIOLATED)
_26049_/A                               1.20    1.41   -0.21 (VIOLATED)
_26078_/A                               1.20    1.41   -0.21 (VIOLATED)
_55795_/A                               1.20    1.41   -0.21 (VIOLATED)
_55798_/A                               1.20    1.41   -0.21 (VIOLATED)
_55799_/A                               1.20    1.41   -0.21 (VIOLATED)
_55800_/A                               1.20    1.41   -0.21 (VIOLATED)
_55801_/A                               1.20    1.41   -0.21 (VIOLATED)
_25732_/A                               1.20    1.40   -0.20 (VIOLATED)
_25736_/A                               1.20    1.40   -0.20 (VIOLATED)
_25740_/A                               1.20    1.40   -0.20 (VIOLATED)
_25759_/A                               1.20    1.40   -0.20 (VIOLATED)
_53427_/Q                               1.20    1.40   -0.20 (VIOLATED)
_55687_/A                               1.20    1.40   -0.20 (VIOLATED)
_56596_/A                               1.20    1.40   -0.20 (VIOLATED)
_57000_/A                               1.20    1.40   -0.20 (VIOLATED)
_36276_/Y                               1.20    1.40   -0.20 (VIOLATED)
_36277_/A                               1.20    1.40   -0.20 (VIOLATED)
_36444_/B                               1.20    1.40   -0.20 (VIOLATED)
_36596_/S                               1.20    1.40   -0.20 (VIOLATED)
_36696_/A                               1.20    1.40   -0.20 (VIOLATED)
_36270_/Y                               1.20    1.39   -0.19 (VIOLATED)
_36272_/A                               1.20    1.39   -0.19 (VIOLATED)
_36979_/A                               1.20    1.39   -0.19 (VIOLATED)
_35182_/Y                               1.20    1.36   -0.16 (VIOLATED)
_35183_/B                               1.20    1.36   -0.16 (VIOLATED)
_25802_/Y                               1.20    1.36   -0.16 (VIOLATED)
_25805_/A                               1.20    1.36   -0.16 (VIOLATED)
_25809_/A                               1.20    1.36   -0.16 (VIOLATED)
_25920_/A2                              1.20    1.36   -0.16 (VIOLATED)
_26015_/A3                              1.20    1.36   -0.16 (VIOLATED)
_55822_/A                               1.20    1.36   -0.16 (VIOLATED)
_55823_/A                               1.20    1.36   -0.16 (VIOLATED)
_55826_/A                               1.20    1.36   -0.16 (VIOLATED)
_55827_/A                               1.20    1.36   -0.16 (VIOLATED)
_55833_/A                               1.20    1.36   -0.16 (VIOLATED)
_55860_/A                               1.20    1.36   -0.16 (VIOLATED)
_55867_/A                               1.20    1.36   -0.16 (VIOLATED)
_26551_/Y                               1.20    1.34   -0.14 (VIOLATED)
_26562_/A                               1.20    1.34   -0.14 (VIOLATED)
_36268_/Y                               1.20    1.34   -0.14 (VIOLATED)
_36269_/A                               1.20    1.34   -0.14 (VIOLATED)
_36473_/A2                              1.20    1.34   -0.14 (VIOLATED)
_36552_/A                               1.20    1.34   -0.14 (VIOLATED)
_36790_/A                               1.20    1.34   -0.14 (VIOLATED)
_49316_/Y                               1.20    1.33   -0.13 (VIOLATED)
_49317_/A                               1.20    1.33   -0.13 (VIOLATED)
_49523_/A                               1.20    1.33   -0.13 (VIOLATED)
_49729_/A                               1.20    1.33   -0.13 (VIOLATED)
_49921_/B                               1.20    1.33   -0.13 (VIOLATED)
_39717_/Y                               1.20    1.33   -0.13 (VIOLATED)
_39718_/B                               1.20    1.33   -0.13 (VIOLATED)
_40388_/A                               1.20    1.33   -0.13 (VIOLATED)
_43763_/A                               1.20    1.33   -0.13 (VIOLATED)
_47138_/A                               1.20    1.33   -0.13 (VIOLATED)
_45960_/Y                               1.20    1.32   -0.12 (VIOLATED)
_45961_/A                               1.20    1.32   -0.12 (VIOLATED)
_46170_/A                               1.20    1.32   -0.12 (VIOLATED)
_46382_/A                               1.20    1.32   -0.12 (VIOLATED)
_46592_/B                               1.20    1.32   -0.12 (VIOLATED)
_47973_/Y                               1.20    1.32   -0.12 (VIOLATED)
_47974_/A                               1.20    1.32   -0.12 (VIOLATED)
_48186_/A                               1.20    1.32   -0.12 (VIOLATED)
_48394_/A                               1.20    1.32   -0.12 (VIOLATED)
_48600_/B                               1.20    1.32   -0.12 (VIOLATED)
_42585_/Y                               1.20    1.32   -0.12 (VIOLATED)
_42586_/A                               1.20    1.32   -0.12 (VIOLATED)
_42800_/A                               1.20    1.32   -0.12 (VIOLATED)
_43012_/A                               1.20    1.32   -0.12 (VIOLATED)
_43223_/B                               1.20    1.32   -0.12 (VIOLATED)
_43263_/Y                               1.20    1.32   -0.12 (VIOLATED)
_43264_/A                               1.20    1.32   -0.12 (VIOLATED)
_43473_/A                               1.20    1.32   -0.12 (VIOLATED)
_43686_/A                               1.20    1.32   -0.12 (VIOLATED)
_43899_/B                               1.20    1.32   -0.12 (VIOLATED)
_43937_/Y                               1.20    1.32   -0.12 (VIOLATED)
_43938_/A                               1.20    1.32   -0.12 (VIOLATED)
_44146_/A                               1.20    1.32   -0.12 (VIOLATED)
_44352_/A                               1.20    1.32   -0.12 (VIOLATED)
_44558_/B                               1.20    1.32   -0.12 (VIOLATED)
_39895_/Y                               1.20    1.32   -0.12 (VIOLATED)
_39896_/A                               1.20    1.32   -0.12 (VIOLATED)
_40105_/A                               1.20    1.32   -0.12 (VIOLATED)
_40311_/A                               1.20    1.32   -0.12 (VIOLATED)
_40525_/B                               1.20    1.32   -0.12 (VIOLATED)
_41234_/Y                               1.20    1.32   -0.12 (VIOLATED)
_41235_/A                               1.20    1.32   -0.12 (VIOLATED)
_41441_/A                               1.20    1.32   -0.12 (VIOLATED)
_41654_/A                               1.20    1.32   -0.12 (VIOLATED)
_41866_/B                               1.20    1.32   -0.12 (VIOLATED)
_36352_/Y                               1.20    1.32   -0.12 (VIOLATED)
_36353_/A                               1.20    1.32   -0.12 (VIOLATED)
_36539_/A                               1.20    1.32   -0.12 (VIOLATED)
_36633_/A                               1.20    1.32   -0.12 (VIOLATED)
_36765_/B                               1.20    1.32   -0.12 (VIOLATED)
_32062_/Y                               1.20    1.32   -0.12 (VIOLATED)
_32063_/A                               1.20    1.32   -0.12 (VIOLATED)
_26150_/Y                               1.20    1.32   -0.12 (VIOLATED)
_26151_/A                               1.20    1.32   -0.12 (VIOLATED)
_26075_/Y                               1.20    1.32   -0.12 (VIOLATED)
_26076_/A                               1.20    1.32   -0.12 (VIOLATED)
_25985_/Y                               1.20    1.32   -0.12 (VIOLATED)
_25987_/A                               1.20    1.32   -0.12 (VIOLATED)
_26540_/A                               1.20    1.32   -0.12 (VIOLATED)
_39212_/B                               1.20    1.32   -0.12 (VIOLATED)
_39292_/B                               1.20    1.32   -0.12 (VIOLATED)
_53047_/Q                               1.20    1.32   -0.12 (VIOLATED)
_56075_/A                               1.20    1.32   -0.12 (VIOLATED)
_56755_/A                               1.20    1.32   -0.12 (VIOLATED)
_36638_/Y                               1.20    1.31   -0.11 (VIOLATED)
_36639_/A                               1.20    1.31   -0.11 (VIOLATED)
_36667_/A1                              1.20    1.31   -0.11 (VIOLATED)
_55724_/A                               1.20    1.31   -0.11 (VIOLATED)
_39406_/Y                               1.20    1.30   -0.10 (VIOLATED)
_39407_/A                               1.20    1.30   -0.10 (VIOLATED)
_39487_/Y                               1.20    1.30   -0.10 (VIOLATED)
_39488_/A                               1.20    1.30   -0.10 (VIOLATED)
_42799_/A                               1.20    1.30   -0.10 (VIOLATED)
_42879_/A                               1.20    1.30   -0.10 (VIOLATED)
_46169_/A                               1.20    1.30   -0.10 (VIOLATED)
_46250_/A                               1.20    1.30   -0.10 (VIOLATED)
_49524_/A                               1.20    1.30   -0.10 (VIOLATED)
_49601_/A                               1.20    1.30   -0.10 (VIOLATED)
_39528_/Y                               1.20    1.30   -0.10 (VIOLATED)
_39529_/A                               1.20    1.30   -0.10 (VIOLATED)
_39568_/Y                               1.20    1.30   -0.10 (VIOLATED)
_39569_/A                               1.20    1.30   -0.10 (VIOLATED)
_39635_/Y                               1.20    1.30   -0.10 (VIOLATED)
_39636_/A                               1.20    1.30   -0.10 (VIOLATED)
_39676_/Y                               1.20    1.30   -0.10 (VIOLATED)
_39677_/A                               1.20    1.30   -0.10 (VIOLATED)
_42918_/A                               1.20    1.30   -0.10 (VIOLATED)
_42957_/A                               1.20    1.30   -0.10 (VIOLATED)
_43011_/A                               1.20    1.30   -0.10 (VIOLATED)
_43053_/A                               1.20    1.30   -0.10 (VIOLATED)
_46289_/A                               1.20    1.30   -0.10 (VIOLATED)
_46328_/A                               1.20    1.30   -0.10 (VIOLATED)
_46381_/A                               1.20    1.30   -0.10 (VIOLATED)
_46422_/A                               1.20    1.30   -0.10 (VIOLATED)
_49639_/A                               1.20    1.30   -0.10 (VIOLATED)
_49677_/A                               1.20    1.30   -0.10 (VIOLATED)
_49730_/A                               1.20    1.30   -0.10 (VIOLATED)
_49769_/A                               1.20    1.30   -0.10 (VIOLATED)
_39756_/Y                               1.20    1.30   -0.10 (VIOLATED)
_39757_/A                               1.20    1.30   -0.10 (VIOLATED)
_39796_/Y                               1.20    1.30   -0.10 (VIOLATED)
_39797_/A                               1.20    1.30   -0.10 (VIOLATED)
_39851_/Y                               1.20    1.30   -0.10 (VIOLATED)
_39852_/A                               1.20    1.30   -0.10 (VIOLATED)
_43130_/A                               1.20    1.30   -0.10 (VIOLATED)
_43169_/A                               1.20    1.30   -0.10 (VIOLATED)
_43222_/A                               1.20    1.30   -0.10 (VIOLATED)
_46499_/A                               1.20    1.30   -0.10 (VIOLATED)
_46538_/A                               1.20    1.30   -0.10 (VIOLATED)
_46591_/A                               1.20    1.30   -0.10 (VIOLATED)
_49845_/A                               1.20    1.30   -0.10 (VIOLATED)
_49883_/A                               1.20    1.30   -0.10 (VIOLATED)
_49921_/A                               1.20    1.30   -0.10 (VIOLATED)
_35692_/Y                               1.20    1.30   -0.10 (VIOLATED)
_35693_/B                               1.20    1.30   -0.10 (VIOLATED)
_36834_/A2                              1.20    1.30   -0.10 (VIOLATED)
_36856_/A                               1.20    1.30   -0.10 (VIOLATED)
_34826_/Y                               1.20    1.30   -0.10 (VIOLATED)
_34827_/B                               1.20    1.30   -0.10 (VIOLATED)
_34828_/A                               1.20    1.30   -0.10 (VIOLATED)
_34896_/C                               1.20    1.30   -0.10 (VIOLATED)
_34901_/A                               1.20    1.30   -0.10 (VIOLATED)
_34463_/A                               1.20    1.29   -0.09 (VIOLATED)
_34468_/A                               1.20    1.29   -0.09 (VIOLATED)
_34471_/A                               1.20    1.29   -0.09 (VIOLATED)
_34589_/A                               1.20    1.29   -0.09 (VIOLATED)
_53066_/Q                               1.20    1.29   -0.09 (VIOLATED)
_55747_/A                               1.20    1.29   -0.09 (VIOLATED)
_55763_/A                               1.20    1.29   -0.09 (VIOLATED)
_56338_/A                               1.20    1.29   -0.09 (VIOLATED)
_56354_/A                               1.20    1.29   -0.09 (VIOLATED)
_56372_/A                               1.20    1.29   -0.09 (VIOLATED)
_56795_/A                               1.20    1.29   -0.09 (VIOLATED)
_25764_/Y                               1.20    1.29   -0.09 (VIOLATED)
_25770_/A                               1.20    1.29   -0.09 (VIOLATED)
_25844_/A                               1.20    1.29   -0.09 (VIOLATED)
_49961_/C                               1.20    1.29   -0.09 (VIOLATED)
_55918_/A                               1.20    1.29   -0.09 (VIOLATED)
_55926_/A                               1.20    1.29   -0.09 (VIOLATED)
_55927_/A                               1.20    1.29   -0.09 (VIOLATED)
_36902_/Y                               1.20    1.28   -0.08 (VIOLATED)
_36903_/A                               1.20    1.28   -0.08 (VIOLATED)
_55994_/A                               1.20    1.28   -0.08 (VIOLATED)
_55998_/A                               1.20    1.28   -0.08 (VIOLATED)
_56307_/A                               1.20    1.28   -0.08 (VIOLATED)
_35285_/Y                               1.20    1.24   -0.04 (VIOLATED)
_35295_/A                               1.20    1.24   -0.04 (VIOLATED)
_35319_/B1                              1.20    1.24   -0.04 (VIOLATED)
_55772_/A                               1.20    1.24   -0.04 (VIOLATED)
_55773_/A                               1.20    1.24   -0.04 (VIOLATED)
_55774_/A                               1.20    1.24   -0.04 (VIOLATED)
_55775_/A                               1.20    1.24   -0.04 (VIOLATED)
_55776_/A                               1.20    1.24   -0.04 (VIOLATED)
_55777_/A                               1.20    1.24   -0.04 (VIOLATED)
_55778_/A                               1.20    1.24   -0.04 (VIOLATED)
_55779_/A                               1.20    1.24   -0.04 (VIOLATED)
_36806_/Y                               1.20    1.23   -0.03 (VIOLATED)
_36814_/A                               1.20    1.23   -0.03 (VIOLATED)
_25911_/A                               1.20    1.22   -0.02 (VIOLATED)
_25931_/A                               1.20    1.22   -0.02 (VIOLATED)
_25950_/A                               1.20    1.22   -0.02 (VIOLATED)
_25967_/B                               1.20    1.22   -0.02 (VIOLATED)
_53431_/Q                               1.20    1.22   -0.02 (VIOLATED)
_55691_/A                               1.20    1.22   -0.02 (VIOLATED)
_56600_/A                               1.20    1.22   -0.02 (VIOLATED)
_57004_/A                               1.20    1.22   -0.02 (VIOLATED)
_36308_/Y                               1.20    1.22   -0.02 (VIOLATED)
_36312_/A                               1.20    1.22   -0.02 (VIOLATED)
_36758_/B1                              1.20    1.22   -0.02 (VIOLATED)
_36786_/B1                              1.20    1.22   -0.02 (VIOLATED)
_36830_/B1                              1.20    1.22   -0.02 (VIOLATED)
_36886_/A                               1.20    1.22   -0.02 (VIOLATED)
_25998_/Y                               1.20    1.21   -0.01 (VIOLATED)
_26000_/A                               1.20    1.21   -0.01 (VIOLATED)
_26515_/Y                               1.20    1.21   -0.01 (VIOLATED)
_36897_/B                               1.20    1.21   -0.01 (VIOLATED)
_56463_/A                               1.20    1.21   -0.01 (VIOLATED)
_56668_/A                               1.20    1.21   -0.01 (VIOLATED)

