Startpoint: resetn (input port clocked by clk)
Endpoint: _43796_ (removal check against rising-edge clock clk)
Path Group: asynchronous
Path Type: min

Fanout     Cap    Slew   Delay    Time   Description
-----------------------------------------------------------------------------
                  0.00    0.00    0.00   clock clk (rise edge)
                          0.00    0.00   clock network delay (ideal)
                          0.00    0.00 ^ input external delay
   422    1.51    0.00    0.00    0.00 ^ resetn (in)
                  0.00    0.00    0.00 ^ _43796_/RESET_B (sky130_fd_sc_hdll__dfrtp_1)
                                  0.00   data arrival time

                  0.00    0.00    0.00   clock clk (rise edge)
                          0.00    0.00   clock network delay (ideal)
                          0.05    0.05   clock uncertainty
                          0.00    0.05   clock reconvergence pessimism
                                  0.05 ^ _43796_/CLK (sky130_fd_sc_hdll__dfrtp_1)
                          0.32    0.37   library removal time
                                  0.37   data required time
-----------------------------------------------------------------------------
                                  0.37   data required time
                                 -0.00   data arrival time
-----------------------------------------------------------------------------
                                 -0.37   slack (VIOLATED)


Startpoint: _43863_ (rising edge-triggered flip-flop clocked by clk)
Endpoint: _43863_ (rising edge-triggered flip-flop clocked by clk)
Path Group: clk
Path Type: min

Fanout     Cap    Slew   Delay    Time   Description
-----------------------------------------------------------------------------
                  0.00    0.00    0.00   clock clk (rise edge)
                          0.00    0.00   clock network delay (ideal)
                  0.00    0.00    0.00 ^ _43863_/CLK (sky130_fd_sc_hdll__dfrtp_1)
     2    0.00    0.09    0.32    0.32 ^ _43863_/Q (sky130_fd_sc_hdll__dfrtp_1)
                  0.09    0.00    0.32 ^ _21381_/A (sky130_fd_sc_hdll__nand2_1)
     1    0.00    0.04    0.05    0.37 v _21381_/Y (sky130_fd_sc_hdll__nand2_1)
                  0.04    0.00    0.37 v _21402_/A (sky130_fd_sc_hdll__nand2_1)
     1    0.00    0.05    0.05    0.41 ^ _21402_/Y (sky130_fd_sc_hdll__nand2_1)
                  0.05    0.00    0.41 ^ _43863_/D (sky130_fd_sc_hdll__dfrtp_1)
                                  0.41   data arrival time

                  0.00    0.00    0.00   clock clk (rise edge)
                          0.00    0.00   clock network delay (ideal)
                          0.05    0.05   clock uncertainty
                          0.00    0.05   clock reconvergence pessimism
                                  0.05 ^ _43863_/CLK (sky130_fd_sc_hdll__dfrtp_1)
                         -0.04    0.01   library hold time
                                  0.01   data required time
-----------------------------------------------------------------------------
                                  0.01   data required time
                                 -0.41   data arrival time
-----------------------------------------------------------------------------
                                  0.41   slack (MET)


