Startpoint: resetn (input port clocked by clk)
Endpoint: _43796_ (recovery check against rising-edge clock clk)
Path Group: asynchronous
Path Type: max

Fanout     Cap    Slew   Delay    Time   Description
-----------------------------------------------------------------------------
                  0.00    0.00    0.00   clock clk (rise edge)
                          0.00    0.00   clock network delay (ideal)
                          4.00    4.00 ^ input external delay
   422    1.51    0.50    0.00    4.00 ^ resetn (in)
                  0.50    0.00    4.00 ^ _43796_/RESET_B (sky130_fd_sc_hdll__dfrtp_1)
                                  4.00   data arrival time

                  0.00   20.00   20.00   clock clk (rise edge)
                          0.00   20.00   clock network delay (ideal)
                         -0.40   19.60   clock uncertainty
                          0.00   19.60   clock reconvergence pessimism
                                 19.60 ^ _43796_/CLK (sky130_fd_sc_hdll__dfrtp_1)
                          0.15   19.75   library recovery time
                                 19.75   data required time
-----------------------------------------------------------------------------
                                 19.75   data required time
                                 -4.00   data arrival time
-----------------------------------------------------------------------------
                                 15.75   slack (MET)


Startpoint: _43888_ (rising edge-triggered flip-flop clocked by clk)
Endpoint: _43812_ (rising edge-triggered flip-flop clocked by clk)
Path Group: clk
Path Type: max

Fanout     Cap    Slew   Delay    Time   Description
-----------------------------------------------------------------------------
                  0.00    0.00    0.00   clock clk (rise edge)
                          0.00    0.00   clock network delay (ideal)
                  0.00    0.00    0.00 ^ _43888_/CLK (sky130_fd_sc_hdll__dfrtp_1)
     3    0.01    0.08    0.40    0.40 v _43888_/Q (sky130_fd_sc_hdll__dfrtp_1)
                  0.08    0.00    0.40 v _30613_/A (sky130_fd_sc_hdll__dlygate4sd3_1)
     4    0.01    0.10    0.60    1.00 v _30613_/X (sky130_fd_sc_hdll__dlygate4sd3_1)
                  0.10    0.00    1.00 v _30614_/A (sky130_fd_sc_hdll__or2b_2)
     2    0.00    0.08    0.34    1.35 v _30614_/X (sky130_fd_sc_hdll__or2b_2)
                  0.08    0.00    1.35 v _30615_/D (sky130_fd_sc_hdll__and4_2)
     1    0.00    0.05    0.25    1.60 v _30615_/X (sky130_fd_sc_hdll__and4_2)
                  0.05    0.00    1.60 v _30616_/A (sky130_fd_sc_hdll__dlygate4sd3_1)
     3    0.01    0.09    0.57    2.17 v _30616_/X (sky130_fd_sc_hdll__dlygate4sd3_1)
                  0.09    0.00    2.17 v _30617_/A (sky130_fd_sc_hdll__dlygate4sd3_1)
     4    0.01    0.10    0.61    2.78 v _30617_/X (sky130_fd_sc_hdll__dlygate4sd3_1)
                  0.10    0.00    2.78 v _30709_/A (sky130_fd_sc_hdll__dlygate4sd3_1)
     4    0.01    0.11    0.62    3.39 v _30709_/X (sky130_fd_sc_hdll__dlygate4sd3_1)
                  0.11    0.00    3.39 v _30711_/B (sky130_fd_sc_hdll__nand3_1)
     2    0.01    0.12    0.12    3.52 ^ _30711_/Y (sky130_fd_sc_hdll__nand3_1)
                  0.12    0.00    3.52 ^ _31020_/A2 (sky130_fd_sc_hdll__a31oi_1)
     3    0.01    0.11    0.11    3.63 v _31020_/Y (sky130_fd_sc_hdll__a31oi_1)
                  0.11    0.00    3.63 v _31021_/A (sky130_fd_sc_hdll__dlygate4sd3_1)
     4    0.01    0.11    0.62    4.25 v _31021_/X (sky130_fd_sc_hdll__dlygate4sd3_1)
                  0.11    0.00    4.25 v _31063_/A1 (sky130_fd_sc_hdll__a32oi_1)
     3    0.01    0.37    0.29    4.54 ^ _31063_/Y (sky130_fd_sc_hdll__a32oi_1)
                  0.37    0.00    4.54 ^ _31064_/C (sky130_fd_sc_hdll__xnor3_4)
     2    0.01    0.16    0.44    4.98 v _31064_/X (sky130_fd_sc_hdll__xnor3_4)
                  0.16    0.00    4.98 v _31073_/A (sky130_fd_sc_hdll__xnor2_1)
     2    0.00    0.09    0.18    5.16 v _31073_/Y (sky130_fd_sc_hdll__xnor2_1)
                  0.09    0.00    5.16 v _31074_/B1 (sky130_fd_sc_hdll__a21o_2)
     4    0.01    0.08    0.25    5.41 v _31074_/X (sky130_fd_sc_hdll__a21o_2)
                  0.08    0.00    5.41 v _31076_/A (sky130_fd_sc_hdll__inputiso0n_1)
     2    0.00    0.06    0.16    5.57 v _31076_/X (sky130_fd_sc_hdll__inputiso0n_1)
                  0.06    0.00    5.57 v _31077_/A (sky130_fd_sc_hdll__dlygate4sd3_1)
     4    0.01    0.12    0.61    6.18 v _31077_/X (sky130_fd_sc_hdll__dlygate4sd3_1)
                  0.12    0.00    6.18 v _31100_/C (sky130_fd_sc_hdll__and3b_1)
     4    0.01    0.08    0.24    6.41 v _31100_/X (sky130_fd_sc_hdll__and3b_1)
                  0.08    0.00    6.41 v _31102_/C (sky130_fd_sc_hdll__or4_2)
     3    0.01    0.17    0.72    7.13 v _31102_/X (sky130_fd_sc_hdll__or4_2)
                  0.17    0.00    7.13 v _31150_/A1 (sky130_fd_sc_hdll__a21o_2)
     3    0.01    0.07    0.27    7.40 v _31150_/X (sky130_fd_sc_hdll__a21o_2)
                  0.07    0.00    7.40 v _21864_/A1 (sky130_fd_sc_hdll__a21bo_2)
     3    0.01    0.06    0.23    7.63 v _21864_/X (sky130_fd_sc_hdll__a21bo_2)
                  0.06    0.00    7.63 v _21866_/A2 (sky130_fd_sc_hdll__a21oi_1)
     3    0.01    0.31    0.24    7.87 ^ _21866_/Y (sky130_fd_sc_hdll__a21oi_1)
                  0.31    0.00    7.87 ^ _21868_/A2 (sky130_fd_sc_hdll__o21ai_1)
     3    0.00    0.11    0.11    7.98 v _21868_/Y (sky130_fd_sc_hdll__o21ai_1)
                  0.11    0.00    7.98 v _21870_/A2 (sky130_fd_sc_hdll__a21oi_1)
     3    0.01    0.28    0.24    8.21 ^ _21870_/Y (sky130_fd_sc_hdll__a21oi_1)
                  0.28    0.00    8.21 ^ _21872_/A2 (sky130_fd_sc_hdll__o21ai_1)
     3    0.01    0.12    0.12    8.33 v _21872_/Y (sky130_fd_sc_hdll__o21ai_1)
                  0.12    0.00    8.33 v _21874_/A2 (sky130_fd_sc_hdll__a21o_2)
     3    0.01    0.07    0.27    8.60 v _21874_/X (sky130_fd_sc_hdll__a21o_2)
                  0.07    0.00    8.60 v _21925_/A2 (sky130_fd_sc_hdll__a21oi_1)
     2    0.00    0.21    0.18    8.79 ^ _21925_/Y (sky130_fd_sc_hdll__a21oi_1)
                  0.21    0.00    8.79 ^ _30102_/B1 (sky130_fd_sc_hdll__a21o_2)
     1    0.00    0.06    0.13    8.92 ^ _30102_/X (sky130_fd_sc_hdll__a21o_2)
                  0.06    0.00    8.92 ^ _30151_/A (sky130_fd_sc_hdll__xnor2_1)
     1    0.00    0.06    0.06    8.98 v _30151_/Y (sky130_fd_sc_hdll__xnor2_1)
                  0.06    0.00    8.98 v _30208_/A2 (sky130_fd_sc_hdll__a211oi_1)
     1    0.00    0.29    0.27    9.25 ^ _30208_/Y (sky130_fd_sc_hdll__a211oi_1)
                  0.29    0.00    9.25 ^ _30209_/B2 (sky130_fd_sc_hdll__o2bb2ai_1)
     1    0.00    0.06    0.08    9.33 v _30209_/Y (sky130_fd_sc_hdll__o2bb2ai_1)
                  0.06    0.00    9.33 v _43812_/D (sky130_fd_sc_hdll__dfrtp_1)
                                  9.33   data arrival time

                  0.00   20.00   20.00   clock clk (rise edge)
                          0.00   20.00   clock network delay (ideal)
                         -0.40   19.60   clock uncertainty
                          0.00   19.60   clock reconvergence pessimism
                                 19.60 ^ _43812_/CLK (sky130_fd_sc_hdll__dfrtp_1)
                         -0.14   19.46   library setup time
                                 19.46   data required time
-----------------------------------------------------------------------------
                                 19.46   data required time
                                 -9.33   data arrival time
-----------------------------------------------------------------------------
                                 10.13   slack (MET)


