max slew

Pin                                    Limit    Slew   Slack
------------------------------------------------------------
_37943_/Y                               1.20    2.36   -1.16 (VIOLATED)
_37945_/A                               1.20    2.36   -1.16 (VIOLATED)
_38036_/A                               1.20    2.36   -1.16 (VIOLATED)
_38362_/A                               1.20    2.36   -1.16 (VIOLATED)
_38567_/A                               1.20    2.36   -1.16 (VIOLATED)
_37997_/Y                               1.20    2.35   -1.15 (VIOLATED)
_37998_/A                               1.20    2.35   -1.15 (VIOLATED)
_38156_/A                               1.20    2.35   -1.15 (VIOLATED)
_38247_/A                               1.20    2.35   -1.15 (VIOLATED)
_38453_/A                               1.20    2.35   -1.15 (VIOLATED)
_28781_/Y                               1.20    1.65   -0.45 (VIOLATED)
_28782_/B                               1.20    1.65   -0.45 (VIOLATED)
_29659_/Y                               1.20    1.55   -0.35 (VIOLATED)
_29662_/A                               1.20    1.55   -0.35 (VIOLATED)
_29670_/A                               1.20    1.55   -0.35 (VIOLATED)
_29684_/B                               1.20    1.55   -0.35 (VIOLATED)
_29703_/A                               1.20    1.55   -0.35 (VIOLATED)
_29767_/A2                              1.20    1.55   -0.35 (VIOLATED)
_29675_/Y                               1.20    1.54   -0.34 (VIOLATED)
_29676_/B                               1.20    1.54   -0.34 (VIOLATED)
_29684_/A                               1.20    1.54   -0.34 (VIOLATED)
_29705_/A                               1.20    1.54   -0.34 (VIOLATED)
_29714_/A                               1.20    1.54   -0.34 (VIOLATED)
_29767_/A1                              1.20    1.54   -0.34 (VIOLATED)
_28941_/Y                               1.20    1.50   -0.30 (VIOLATED)
_28944_/A                               1.20    1.50   -0.30 (VIOLATED)
_28954_/B                               1.20    1.50   -0.30 (VIOLATED)
_28996_/B                               1.20    1.50   -0.30 (VIOLATED)
_29002_/A                               1.20    1.50   -0.30 (VIOLATED)
_29346_/Y                               1.20    1.50   -0.30 (VIOLATED)
_29349_/A                               1.20    1.50   -0.30 (VIOLATED)
_29376_/A                               1.20    1.50   -0.30 (VIOLATED)
_29391_/B                               1.20    1.50   -0.30 (VIOLATED)
_29402_/B                               1.20    1.50   -0.30 (VIOLATED)
_29661_/Y                               1.20    1.50   -0.30 (VIOLATED)
_29662_/B                               1.20    1.50   -0.30 (VIOLATED)
_29678_/B                               1.20    1.50   -0.30 (VIOLATED)
_29682_/A                               1.20    1.50   -0.30 (VIOLATED)
_29716_/A                               1.20    1.50   -0.30 (VIOLATED)
_28933_/Y                               1.20    1.49   -0.29 (VIOLATED)
_28936_/A                               1.20    1.49   -0.29 (VIOLATED)
_28947_/A                               1.20    1.49   -0.29 (VIOLATED)
_28964_/B                               1.20    1.49   -0.29 (VIOLATED)
_28993_/A                               1.20    1.49   -0.29 (VIOLATED)
_29381_/Y                               1.20    1.48   -0.28 (VIOLATED)
_29382_/A                               1.20    1.48   -0.28 (VIOLATED)
_29388_/B                               1.20    1.48   -0.28 (VIOLATED)
_29397_/A                               1.20    1.48   -0.28 (VIOLATED)
_29402_/A                               1.20    1.48   -0.28 (VIOLATED)
_28935_/Y                               1.20    1.48   -0.28 (VIOLATED)
_28936_/B                               1.20    1.48   -0.28 (VIOLATED)
_28961_/A                               1.20    1.48   -0.28 (VIOLATED)
_28996_/A                               1.20    1.48   -0.28 (VIOLATED)
_29006_/A                               1.20    1.48   -0.28 (VIOLATED)
_29333_/Y                               1.20    1.48   -0.28 (VIOLATED)
_29338_/A                               1.20    1.48   -0.28 (VIOLATED)
_29391_/A                               1.20    1.48   -0.28 (VIOLATED)
_29408_/B                               1.20    1.48   -0.28 (VIOLATED)
_29411_/A                               1.20    1.48   -0.28 (VIOLATED)
_28953_/Y                               1.20    1.47   -0.27 (VIOLATED)
_28954_/A                               1.20    1.47   -0.27 (VIOLATED)
_28957_/A                               1.20    1.47   -0.27 (VIOLATED)
_28964_/A                               1.20    1.47   -0.27 (VIOLATED)
_28985_/A                               1.20    1.47   -0.27 (VIOLATED)
_29352_/Y                               1.20    1.46   -0.26 (VIOLATED)
_29353_/A                               1.20    1.46   -0.26 (VIOLATED)
_29388_/A                               1.20    1.46   -0.26 (VIOLATED)
_29394_/A                               1.20    1.46   -0.26 (VIOLATED)
_29408_/A                               1.20    1.46   -0.26 (VIOLATED)
_29665_/Y                               1.20    1.46   -0.26 (VIOLATED)
_29668_/A                               1.20    1.46   -0.26 (VIOLATED)
_29676_/A                               1.20    1.46   -0.26 (VIOLATED)
_29678_/A                               1.20    1.46   -0.26 (VIOLATED)
_29700_/A                               1.20    1.46   -0.26 (VIOLATED)
_25645_/Y                               1.20    1.44   -0.24 (VIOLATED)
_25646_/A                               1.20    1.44   -0.24 (VIOLATED)
_25864_/A1                              1.20    1.44   -0.24 (VIOLATED)
_25950_/A                               1.20    1.44   -0.24 (VIOLATED)
_26055_/A                               1.20    1.44   -0.24 (VIOLATED)
_56063_/A                               1.20    1.44   -0.24 (VIOLATED)
_56066_/A                               1.20    1.44   -0.24 (VIOLATED)
_56077_/A                               1.20    1.44   -0.24 (VIOLATED)
_56079_/A                               1.20    1.44   -0.24 (VIOLATED)
_56080_/A                               1.20    1.44   -0.24 (VIOLATED)
_56115_/A                               1.20    1.44   -0.24 (VIOLATED)
_56124_/A                               1.20    1.44   -0.24 (VIOLATED)
_56128_/A                               1.20    1.44   -0.24 (VIOLATED)
_25681_/Y                               1.20    1.31   -0.11 (VIOLATED)
_25957_/A                               1.20    1.31   -0.11 (VIOLATED)
_56171_/A                               1.20    1.31   -0.11 (VIOLATED)
_56173_/A                               1.20    1.31   -0.11 (VIOLATED)
_56177_/A                               1.20    1.31   -0.11 (VIOLATED)
_56179_/A                               1.20    1.31   -0.11 (VIOLATED)
_56186_/A                               1.20    1.31   -0.11 (VIOLATED)
_56188_/A                               1.20    1.31   -0.11 (VIOLATED)
_29920_/Y                               1.20    1.28   -0.08 (VIOLATED)
_29921_/A                               1.20    1.28   -0.08 (VIOLATED)
_38036_/B                               1.20    1.28   -0.08 (VIOLATED)
_38156_/B                               1.20    1.28   -0.08 (VIOLATED)
_38285_/B                               1.20    1.28   -0.08 (VIOLATED)
_38529_/A                               1.20    1.28   -0.08 (VIOLATED)
_37944_/Y                               1.20    1.22   -0.02 (VIOLATED)
_37945_/B                               1.20    1.22   -0.02 (VIOLATED)
_37998_/B                               1.20    1.22   -0.02 (VIOLATED)
_38195_/B                               1.20    1.22   -0.02 (VIOLATED)
_38491_/A                               1.20    1.22   -0.02 (VIOLATED)
_38117_/Y                               1.20    1.21   -0.01 (VIOLATED)
_38118_/B                               1.20    1.21   -0.01 (VIOLATED)
_38247_/B                               1.20    1.21   -0.01 (VIOLATED)
_38401_/A                               1.20    1.21   -0.01 (VIOLATED)
_38567_/B                               1.20    1.21   -0.01 (VIOLATED)

